Component: ARM Compiler 5.06 update 6 (build 750) Tool: armlink [4d35ed]

==============================================================================

Section Cross References

    main.o(i.GPIO_Configuration) refers to stm32f10x_rcc.o(i.RCC_APB2PeriphClockCmd) for RCC_APB2PeriphClockCmd
    main.o(i.GPIO_Configuration) refers to stm32f10x_gpio.o(i.GPIO_Init) for GPIO_Init
    main.o(i.GPIO_Configuration) refers to stm32f10x_gpio.o(i.GPIO_SetBits) for GPIO_SetBits
    main.o(i.USART1_Initialise) refers to stm32f10x_rcc.o(i.RCC_APB2PeriphClockCmd) for RCC_APB2PeriphClockCmd
    main.o(i.USART1_Initialise) refers to stm32f10x_gpio.o(i.GPIO_Init) for GPIO_Init
    main.o(i.USART1_Initialise) refers to misc.o(i.NVIC_Init) for NVIC_Init
    main.o(i.USART1_Initialise) refers to stm32f10x_usart.o(i.USART_Init) for USART_Init
    main.o(i.USART1_Initialise) refers to stm32f10x_usart.o(i.USART_ITConfig) for USART_ITConfig
    main.o(i.USART1_Initialise) refers to stm32f10x_usart.o(i.USART_Cmd) for USART_Cmd
    main.o(i.USART2_Initialise) refers to stm32f10x_rcc.o(i.RCC_APB2PeriphClockCmd) for RCC_APB2PeriphClockCmd
    main.o(i.USART2_Initialise) refers to stm32f10x_rcc.o(i.RCC_APB1PeriphClockCmd) for RCC_APB1PeriphClockCmd
    main.o(i.USART2_Initialise) refers to stm32f10x_gpio.o(i.GPIO_Init) for GPIO_Init
    main.o(i.USART2_Initialise) refers to misc.o(i.NVIC_Init) for NVIC_Init
    main.o(i.USART2_Initialise) refers to stm32f10x_usart.o(i.USART_Init) for USART_Init
    main.o(i.USART2_Initialise) refers to stm32f10x_usart.o(i.USART_ITConfig) for USART_ITConfig
    main.o(i.USART2_Initialise) refers to stm32f10x_usart.o(i.USART_Cmd) for USART_Cmd
    main.o(i.USART3_Initialise) refers to stm32f10x_rcc.o(i.RCC_APB1PeriphClockCmd) for RCC_APB1PeriphClockCmd
    main.o(i.USART3_Initialise) refers to stm32f10x_rcc.o(i.RCC_APB2PeriphClockCmd) for RCC_APB2PeriphClockCmd
    main.o(i.USART3_Initialise) refers to stm32f10x_usart.o(i.USART_DeInit) for USART_DeInit
    main.o(i.USART3_Initialise) refers to stm32f10x_gpio.o(i.GPIO_Init) for GPIO_Init
    main.o(i.USART3_Initialise) refers to misc.o(i.NVIC_Init) for NVIC_Init
    main.o(i.USART3_Initialise) refers to stm32f10x_usart.o(i.USART_Init) for USART_Init
    main.o(i.USART3_Initialise) refers to stm32f10x_usart.o(i.USART_ITConfig) for USART_ITConfig
    main.o(i.USART3_Initialise) refers to stm32f10x_usart.o(i.USART_Cmd) for USART_Cmd
    main.o(i.UartDriver) refers to main.o(i.UartRead) for UartRead
    main.o(i.UartDriver) refers to main.o(i.UartWrite) for UartWrite
    main.o(i.UartDriver) refers to main.o(.data) for cmdArrived
    main.o(i.UartRead) refers to main.o(.data) for cntRxd
    main.o(i.UartRead) refers to main.o(.bss) for bufRxd
    main.o(i.UartWrite) refers to stm32f10x_gpio.o(i.GPIO_SetBits) for GPIO_SetBits
    main.o(i.UartWrite) refers to stm32f10x_usart.o(i.USART_SendData) for USART_SendData
    main.o(i.UartWrite) refers to stm32f10x_usart.o(i.USART_GetFlagStatus) for USART_GetFlagStatus
    main.o(i.UartWrite) refers to delay.o(i.delay_ms) for delay_ms
    main.o(i.UartWrite) refers to stm32f10x_gpio.o(i.GPIO_ResetBits) for GPIO_ResetBits
    main.o(i.Usart_SendByte) refers to stm32f10x_usart.o(i.USART_SendData) for USART_SendData
    main.o(i.Usart_SendByte) refers to stm32f10x_usart.o(i.USART_GetFlagStatus) for USART_GetFlagStatus
    main.o(i.Usart_SendStr_length) refers to main.o(i.Usart_SendByte) for Usart_SendByte
    main.o(i.Usart_SendString) refers to main.o(i.Usart_SendByte) for Usart_SendByte
    main.o(i.cabinet_to_buff) refers to main.o(i.hex_to_char) for hex_to_char
    main.o(i.cabinet_to_buff) refers to main.o(.bss) for cabinetbuff
    main.o(i.crc16) refers to main.o(.data) for crc
    main.o(i.hex_to_char) refers to main.o(i.HexToChar) for HexToChar
    main.o(i.hex_to_char) refers to main.o(.bss) for hex2char
    main.o(i.iwdg_init) refers to stm32f10x_iwdg.o(i.IWDG_WriteAccessCmd) for IWDG_WriteAccessCmd
    main.o(i.iwdg_init) refers to stm32f10x_iwdg.o(i.IWDG_SetPrescaler) for IWDG_SetPrescaler
    main.o(i.iwdg_init) refers to stm32f10x_iwdg.o(i.IWDG_SetReload) for IWDG_SetReload
    main.o(i.iwdg_init) refers to stm32f10x_iwdg.o(i.IWDG_ReloadCounter) for IWDG_ReloadCounter
    main.o(i.main) refers to main.o(i.GPIO_Configuration) for GPIO_Configuration
    main.o(i.main) refers to delay.o(i.delay_init) for delay_init
    main.o(i.main) refers to bsp.o(i.TIM2_init) for TIM2_init
    main.o(i.main) refers to main.o(i.USART1_Initialise) for USART1_Initialise
    main.o(i.main) refers to main.o(i.USART2_Initialise) for USART2_Initialise
    main.o(i.main) refers to main.o(i.USART3_Initialise) for USART3_Initialise
    main.o(i.main) refers to stm32f10x_gpio.o(i.GPIO_ResetBits) for GPIO_ResetBits
    main.o(i.main) refers to main.o(i.iwdg_init) for iwdg_init
    main.o(i.main) refers to m35.o(i.M35_HTTPConnect) for M35_HTTPConnect
    main.o(i.main) refers to __2printf.o(.text) for __2printf
[...]
    .ARM.Collect$$libinit$$00000033          0x0800020e   Section        2  libinit2.o(.ARM.Collect$$libinit$$00000033)
    .ARM.Collect$$libshutdown$$00000000      0x08000210   Section        2  libshutdown.o(.ARM.Collect$$libshutdown$$00000000)
    .ARM.Collect$$libshutdown$$00000002      0x08000212   Section        0  libshutdown2.o(.ARM.Collect$$libshutdown$$00000002)
    .ARM.Collect$$libshutdown$$00000004      0x08000212   Section        0  libshutdown2.o(.ARM.Collect$$libshutdown$$00000004)
    .ARM.Collect$$libshutdown$$00000007      0x08000212   Section        0  libshutdown2.o(.ARM.Collect$$libshutdown$$00000007)
    .ARM.Collect$$libshutdown$$0000000A      0x08000212   Section        0  libshutdown2.o(.ARM.Collect$$libshutdown$$0000000A)
    .ARM.Collect$$libshutdown$$0000000C      0x08000212   Section        0  libshutdown2.o(.ARM.Collect$$libshutdown$$0000000C)
    .ARM.Collect$$libshutdown$$0000000F      0x08000212   Section        0  libshutdown2.o(.ARM.Collect$$libshutdown$$0000000F)
    .ARM.Collect$$libshutdown$$00000010      0x08000212   Section        2  libshutdown2.o(.ARM.Collect$$libshutdown$$00000010)
    .ARM.Collect$$rtentry$$00000000          0x08000214   Section        0  __rtentry.o(.ARM.Collect$$rtentry$$00000000)
    .ARM.Collect$$rtentry$$00000002          0x08000214   Section        0  __rtentry2.o(.ARM.Collect$$rtentry$$00000002)
    .ARM.Collect$$rtentry$$00000004          0x08000214   Section        6  __rtentry4.o(.ARM.Collect$$rtentry$$00000004)
    .ARM.Collect$$rtentry$$00000009          0x0800021a   Section        0  __rtentry2.o(.ARM.Collect$$rtentry$$00000009)
    .ARM.Collect$$rtentry$$0000000A          0x0800021a   Section        4  __rtentry2.o(.ARM.Collect$$rtentry$$0000000A)
    .ARM.Collect$$rtentry$$0000000C          0x0800021e   Section        0  __rtentry2.o(.ARM.Collect$$rtentry$$0000000C)
    .ARM.Collect$$rtentry$$0000000D          0x0800021e   Section        8  __rtentry2.o(.ARM.Collect$$rtentry$$0000000D)
    .ARM.Collect$$rtexit$$00000000           0x08000226   Section        2  rtexit.o(.ARM.Collect$$rtexit$$00000000)
    .ARM.Collect$$rtexit$$00000002           0x08000228   Section        0  rtexit2.o(.ARM.Collect$$rtexit$$00000002)
    .ARM.Collect$$rtexit$$00000003           0x08000228   Section        4  rtexit2.o(.ARM.Collect$$rtexit$$00000003)
    .ARM.Collect$$rtexit$$00000004           0x0800022c   Section        6  rtexit2.o(.ARM.Collect$$rtexit$$00000004)
    .text                                    0x08000234   Section       64  startup_stm32f10x_md.o(.text)
    .text                                    0x08000274   Section        2  use_no_semi_2.o(.text)
    .text                                    0x08000278   Section        0  printf.o(.text)
    .text                                    0x08000290   Section        0  __2printf.o(.text)
    .text                                    0x080002a8   Section        0  _printf_dec.o(.text)
    .text                                    0x08000320   Section        0  __printf_flags_ss_wp.o(.text)
    .text                                    0x080004a8   Section        0  strstr.o(.text)
    .text                                    0x080004cc   Section        0  strcpy.o(.text)
    .text                                    0x08000514   Section        0  strlen.o(.text)
    .text                                    0x08000552   Section       86  strncpy.o(.text)
    .text                                    0x080005a8   Section      128  strcmpv7m.o(.text)
    .text                                    0x08000628   Section        0  heapauxi.o(.text)
    .text                                    0x0800062e   Section        2  use_no_semi.o(.text)
    .text                                    0x08000630   Section        0  _printf_pad.o(.text)
    .text                                    0x0800067e   Section        0  _printf_truncate.o(.text)
    .text                                    0x080006a2   Section        0  _printf_str.o(.text)
    .text                                    0x080006f4   Section        0  _printf_intcommon.o(.text)
    .text                                    0x080007a6   Section        0  _printf_charcount.o(.text)
    .text                                    0x080007d0   Section        0  _printf_char_file.o(.text)
    .text                                    0x080007f4   Section        0  _printf_wctomb.o(.text)
    .text                                    0x080008b0   Section        0  _printf_longlong_dec.o(.text)
    .text                                    0x0800092c   Section        0  _printf_oct_int_ll.o(.text)
    _printf_longlong_oct_internal            0x0800092d   Thumb Code     0  _printf_oct_int_ll.o(.text)
    .text                                    0x0800099c   Section        0  _printf_hex_int_ll_ptr.o(.text)
    _printf_hex_common                       0x0800099d   Thumb Code     0  _printf_hex_int_ll_ptr.o(.text)
    .text                                    0x08000a30   Section       68  rt_memclr.o(.text)
    .text                                    0x08000a74   Section      138  lludiv10.o(.text)
    .text                                    0x08000afe   Section        0  _printf_fp_dec.o(.text)
    _fp_digits                               0x08000b01   Thumb Code   432  _printf_fp_dec.o(.text)
    .text                                    0x08000f1c   Section        0  _printf_fp_hex.o(.text)
    .text                                    0x08001218   Section        0  _printf_char_common.o(.text)
    _printf_input_char                       0x08001219   Thumb Code    10  _printf_char_common.o(.text)
    .text                                    0x08001248   Section        0  _printf_char.o(.text)
    .text                                    0x08001274   Section        0  _printf_wchar.o(.text)
    .text                                    0x080012a0   Section        0  ferror.o(.text)
    .text                                    0x080012a8   Section        0  _wcrtomb.o(.text)
    .text                                    0x080012e8   Section       78  rt_memclr_w.o(.text)
    .text                                    0x08001336   Section       74  sys_stackheap_outer.o(.text)
    .text                                    0x08001380   Section       16  rt_ctype_table.o(.text)
    .text                                    0x08001390   Section        8  rt_locale_intlibspace.o(.text)
    .text                                    0x08001398   Section        0  _printf_fp_infnan.o(.text)
    .text                                    0x08001418   Section        0  bigflt0.o(.text)
    .text                                    0x080014fc   Section        0  exit.o(.text)
    .text                                    0x08001510   Section        8  libspace.o(.text)
    CL$$btod_d2e                             0x08001518   Section       62  btod.o(CL$$btod_d2e)
    CL$$btod_d2e_denorm_low                  0x08001556   Section       70  btod.o(CL$$btod_d2e_denorm_low)
    CL$$btod_d2e_norm_op1                    0x0800159c   Section       96  btod.o(CL$$btod_d2e_norm_op1)
    CL$$btod_div_common                      0x080015fc   Section      824  btod.o(CL$$btod_div_common)
    CL$$btod_e2e                             0x08001934   Section      220  btod.o(CL$$btod_e2e)
    CL$$btod_ediv                            0x08001a10   Section       42  btod.o(CL$$btod_ediv)
    CL$$btod_emul                            0x08001a3a   Section       42  btod.o(CL$$btod_emul)
    CL$$btod_mult_common                     0x08001a64   Section      580  btod.o(CL$$btod_mult_common)
    i.BusFault_Handler                       0x08001ca8   Section        0  stm32f10x_it.o(i.BusFault_Handler)
    i.ClearRAM                               0x08001cac   Section        0  bsp.o(i.ClearRAM)
    i.DMA1_Channel1_Event                    0x08001cbe   Section        0  dma_stm32f10x.o(i.DMA1_Channel1_Event)
    i.DMA1_Channel1_IRQHandler               0x08001cc0   Section        0  dma_stm32f10x.o(i.DMA1_Channel1_IRQHandler)
    i.DMA1_Channel2_Event                    0x08001cdc   Section        0  dma_stm32f10x.o(i.DMA1_Channel2_Event)
    i.DMA1_Channel2_IRQHandler               0x08001ce0   Section        0  dma_stm32f10x.o(i.DMA1_Channel2_IRQHandler)
    i.DMA1_Channel3_Event                    0x08001cfc   Section        0  dma_stm32f10x.o(i.DMA1_Channel3_Event)
    i.DMA1_Channel3_IRQHandler               0x08001d00   Section        0  dma_stm32f10x.o(i.DMA1_Channel3_IRQHandler)
    i.DMA1_Channel4_Event                    0x08001d1c   Section        0  dma_stm32f10x.o(i.DMA1_Channel4_Event)
    i.DMA1_Channel4_IRQHandler               0x08001d20   Section        0  dma_stm32f10x.o(i.DMA1_Channel4_IRQHandler)
    i.DMA1_Channel5_Event                    0x08001d3c   Section        0  dma_stm32f10x.o(i.DMA1_Channel5_Event)
    i.DMA1_Channel5_IRQHandler               0x08001d40   Section        0  dma_stm32f10x.o(i.DMA1_Channel5_IRQHandler)
    i.DMA1_Channel6_Event                    0x08001d5c   Section        0  dma_stm32f10x.o(i.DMA1_Channel6_Event)
    i.DMA1_Channel6_IRQHandler               0x08001d60   Section        0  dma_stm32f10x.o(i.DMA1_Channel6_IRQHandler)
    i.DMA1_Channel7_Event                    0x08001d7c   Section        0  dma_stm32f10x.o(i.DMA1_Channel7_Event)
    i.DMA1_Channel7_IRQHandler               0x08001d80   Section        0  dma_stm32f10x.o(i.DMA1_Channel7_IRQHandler)
    i.DebugMon_Handler                       0x08001d9c   Section        0  stm32f10x_it.o(i.DebugMon_Handler)
    i.GPIO_Configuration                     0x08001da0   Section        0  main.o(i.GPIO_Configuration)
    i.GPIO_Init                              0x08001dec   Section        0  stm32f10x_gpio.o(i.GPIO_Init)
    i.GPIO_ResetBits                         0x08001f02   Section        0  stm32f10x_gpio.o(i.GPIO_ResetBits)
    i.GPIO_SetBits                           0x08001f06   Section        0  stm32f10x_gpio.o(i.GPIO_SetBits)
    i.HardFault_Handler                      0x08001f0a   Section        0  stm32f10x_it.o(i.HardFault_Handler)
    i.HexToChar                              0x08001f0e   Section        0  main.o(i.HexToChar)
    i.IWDG_Enable                            0x08001f44   Section        0  stm32f10x_iwdg.o(i.IWDG_Enable)
    i.IWDG_ReloadCounter                     0x08001f54   Section        0  stm32f10x_iwdg.o(i.IWDG_ReloadCounter)
    i.IWDG_SetPrescaler                      0x08001f64   Section        0  stm32f10x_iwdg.o(i.IWDG_SetPrescaler)
    i.IWDG_SetReload                         0x08001f70   Section        0  stm32f10x_iwdg.o(i.IWDG_SetReload)
    i.IWDG_WriteAccessCmd                    0x08001f7c   Section        0  stm32f10x_iwdg.o(i.IWDG_WriteAccessCmd)
    i.M35_HTTPConnect                        0x08001f88   Section        0  m35.o(i.M35_HTTPConnect)
    i.MemManage_Handler                      0x080024e4   Section        0  stm32f10x_it.o(i.MemManage_Handler)
    i.NMI_Handler                            0x080024e8   Section        0  stm32f10x_it.o(i.NMI_Handler)
    i.NVIC_Init                              0x080024ec   Section        0  misc.o(i.NVIC_Init)
    i.PendSV_Handler                         0x0800255c   Section        0  stm32f10x_it.o(i.PendSV_Handler)
    i.PrintfClear                            0x08002560   Section        0  bsp.o(i.PrintfClear)
    i.RCC_APB1PeriphClockCmd                 0x08002578   Section        0  stm32f10x_rcc.o(i.RCC_APB1PeriphClockCmd)
    i.RCC_APB1PeriphResetCmd                 0x08002598   Section        0  stm32f10x_rcc.o(i.RCC_APB1PeriphResetCmd)
    i.RCC_APB2PeriphClockCmd                 0x080025b8   Section        0  stm32f10x_rcc.o(i.RCC_APB2PeriphClockCmd)
    i.RCC_APB2PeriphResetCmd                 0x080025d8   Section        0  stm32f10x_rcc.o(i.RCC_APB2PeriphResetCmd)
    i.RCC_GetClocksFreq                      0x080025f8   Section        0  stm32f10x_rcc.o(i.RCC_GetClocksFreq)
    i.SIM_SendCmd                            0x080026cc   Section        0  m35.o(i.SIM_SendCmd)
    i.SVC_Handler                            0x0800276c   Section        0  stm32f10x_it.o(i.SVC_Handler)
    i.SetSysClock                            0x0800276e   Section        0  system_stm32f10x.o(i.SetSysClock)
    SetSysClock                              0x0800276f   Thumb Code     8  system_stm32f10x.o(i.SetSysClock)
    i.SetSysClockTo72                        0x08002778   Section        0  system_stm32f10x.o(i.SetSysClockTo72)
    SetSysClockTo72                          0x08002779   Thumb Code   214  system_stm32f10x.o(i.SetSysClockTo72)
    i.SoftReset                              0x08002858   Section        0  main.o(i.SoftReset)
    i.SysTick_Handler                        0x080028a4   Section        0  stm32f10x_it.o(i.SysTick_Handler)
    i.SystemInit                             0x080028a8   Section        0  system_stm32f10x.o(i.SystemInit)
    i.TIM2_IRQHandler                        0x08002908   Section        0  stm32f10x_it.o(i.TIM2_IRQHandler)
    i.TIM2_init                              0x0800292c   Section        0  bsp.o(i.TIM2_init)
    i.TIM_ARRPreloadConfig                   0x0800299a   Section        0  stm32f10x_tim.o(i.TIM_ARRPreloadConfig)
    i.TIM_ClearFlag                          0x080029b2   Section        0  stm32f10x_tim.o(i.TIM_ClearFlag)
    i.TIM_ClearITPendingBit                  0x080029b8   Section        0  stm32f10x_tim.o(i.TIM_ClearITPendingBit)
    i.TIM_Cmd                                0x080029be   Section        0  stm32f10x_tim.o(i.TIM_Cmd)
    i.TIM_GetITStatus                        0x080029d6   Section        0  stm32f10x_tim.o(i.TIM_GetITStatus)
    i.TIM_ITConfig                           0x080029f8   Section        0  stm32f10x_tim.o(i.TIM_ITConfig)
    i.TIM_TimeBaseInit                       0x08002a0c   Section        0  stm32f10x_tim.o(i.TIM_TimeBaseInit)
    i.USART1_IRQHandler                      0x08002ab0   Section        0  stm32f10x_it.o(i.USART1_IRQHandler)
    i.USART1_Initialise                      0x08002ab4   Section        0  main.o(i.USART1_Initialise)
    i.USART2_IRQHandler                      0x08002b54   Section        0  stm32f10x_it.o(i.USART2_IRQHandler)
    i.USART2_Initialise                      0x08002bc0   Section        0  main.o(i.USART2_Initialise)
    i.USART3_IRQHandler                      0x08002c64   Section        0  stm32f10x_it.o(i.USART3_IRQHandler)
    i.USART3_Initialise                      0x08002cc8   Section        0  main.o(i.USART3_Initialise)
    i.USART_Cmd                              0x08002d7c   Section        0  stm32f10x_usart.o(i.USART_Cmd)
    i.USART_DeInit                           0x08002d94   Section        0  stm32f10x_usart.o(i.USART_DeInit)
    i.USART_GetFlagStatus                    0x08002e30   Section        0  stm32f10x_usart.o(i.USART_GetFlagStatus)
    i.USART_ITConfig                         0x08002e4a   Section        0  stm32f10x_usart.o(i.USART_ITConfig)
    i.USART_Init                             0x08002e94   Section        0  stm32f10x_usart.o(i.USART_Init)
    i.USART_ReceiveData                      0x08002f6c   Section        0  stm32f10x_usart.o(i.USART_ReceiveData)
    i.USART_SendData                         0x08002f76   Section        0  stm32f10x_usart.o(i.USART_SendData)
    i.UartRead                               0x08002f80   Section        0  main.o(i.UartRead)
    i.UartWrite                              0x08002fb8   Section        0  main.o(i.UartWrite)
    i.UsageFault_Handler                     0x08003004   Section        0  stm32f10x_it.o(i.UsageFault_Handler)
    i.Usart_SendByte                         0x08003008   Section        0  main.o(i.Usart_SendByte)
    i.Usart_SendString                       0x08003026   Section        0  main.o(i.Usart_SendString)
    i.__ARM_fpclassify                       0x08003042   Section        0  fpclassify.o(i.__ARM_fpclassify)
    i._is_digit                              0x0800306a   Section        0  __printf_wp.o(i._is_digit)
    i._sys_exit                              0x08003078   Section        0  bsp.o(i._sys_exit)
    i.cabinet_to_buff                        0x08003080   Section        0  main.o(i.cabinet_to_buff)
    i.crc16                                  0x0800310c   Section        0  main.o(i.crc16)
    i.delay_init                             0x0800315c   Section        0  delay.o(i.delay_init)
    i.delay_ms                               0x0800319c   Section        0  delay.o(i.delay_ms)
    i.fputc                                  0x080031d8   Section        0  bsp.o(i.fputc)
    i.hex_to_char                            0x080031f4   Section        0  main.o(i.hex_to_char)
    i.iwdg_init                              0x08003238   Section        0  main.o(i.iwdg_init)
    i.main                                   0x08003258   Section        0  main.o(i.main)
    i.r_485                                  0x080036bc   Section        0  main.o(i.r_485)
    i.t_485_03                               0x08003858   Section        0  main.o(i.t_485_03)
    i.t_485_06                               0x080038a8   Section        0  main.o(i.t_485_06)
    locale$$code                             0x08003930   Section       44  lc_numeric_c.o(locale$$code)
    locale$$code                             0x0800395c   Section       44  lc_ctype_c.o(locale$$code)
    x$fpl$printf1                            0x08003988   Section        4  printf1.o(x$fpl$printf1)
    x$fpl$printf2                            0x0800398c   Section        4  printf2.o(x$fpl$printf2)
    .constdata                               0x08003990   Section       17  __printf_flags_ss_wp.o(.constdata)
    x$fpl$usenofp                            0x08003990   Section        0  usenofp.o(x$fpl$usenofp)
    maptable                                 0x08003990   Data          17  __printf_flags_ss_wp.o(.constdata)
    .constdata                               0x080039a4   Section        8  _printf_wctomb.o(.constdata)
    initial_mbstate                          0x080039a4   Data           8  _printf_wctomb.o(.constdata)
    .constdata                               0x080039ac   Section       40  _printf_hex_int_ll_ptr.o(.constdata)
    uc_hextab                                0x080039ac   Data          20  _printf_hex_int_ll_ptr.o(.constdata)
    lc_hextab                                0x080039c0   Data          20  _printf_hex_int_ll_ptr.o(.constdata)
    .constdata                               0x080039d4   Section       38  _printf_fp_hex.o(.constdata)
    lc_hextab                                0x080039d4   Data          19  _printf_fp_hex.o(.constdata)
    uc_hextab                                0x080039e7   Data          19  _printf_fp_hex.o(.constdata)
    .constdata                               0x080039fc   Section      148  bigflt0.o(.constdata)
    tenpwrs_x                                0x080039fc   Data          60  bigflt0.o(.constdata)
    tenpwrs_i                                0x08003a38   Data          64  bigflt0.o(.constdata)
    locale$$data                             0x08003ab0   Section       28  lc_numeric_c.o(locale$$data)
    __lcnum_c_name                           0x08003ab4   Data           2  lc_numeric_c.o(locale$$data)
    __lcnum_c_start                          0x08003abc   Data           0  lc_numeric_c.o(locale$$data)
    __lcnum_c_point                          0x08003ac8   Data           0  lc_numeric_c.o(locale$$data)
    __lcnum_c_thousands                      0x08003aca   Data           0  lc_numeric_c.o(locale$$data)
    __lcnum_c_grouping                       0x08003acb   Data           0  lc_numeric_c.o(locale$$data)
    locale$$data                             0x08003acc   Section      272  lc_ctype_c.o(locale$$data)
    __lcnum_c_end                            0x08003acc   Data           0  lc_numeric_c.o(locale$$data)
    __lcctype_c_name                         0x08003ad0   Data           2  lc_ctype_c.o(locale$$data)
    __lcctype_c_start                        0x08003ad8   Data           0  lc_ctype_c.o(locale$$data)
    __lcctype_c_end                          0x08003bdc   Data           0  lc_ctype_c.o(locale$$data)
    .data                                    0x20000000   Section       36  main.o(.data)
    address                                  0x20000023   Data           1  main.o(.data)
    .data                                    0x20000024   Section        4  delay.o(.data)
    fac_us                                   0x20000024   Data           1  delay.o(.data)
    fac_ms                                   0x20000026   Data           2  delay.o(.data)
    .data                                    0x20000028   Section        8  bsp.o(.data)
    .data                                    0x20000030   Section       20  stm32f10x_rcc.o(.data)
    APBAHBPrescTable                         0x20000030   Data          16  stm32f10x_rcc.o(.data)
    ADCPrescTable                            0x20000040   Data           4  stm32f10x_rcc.o(.data)
    .bss                                     0x20000044   Section      595  main.o(.bss)
    .bss                                     0x20000298   Section       96  libspace.o(.bss)
    HEAP                                     0x200002f8   Section      512  startup_stm32f10x_md.o(HEAP)
    Heap_Mem                                 0x200002f8   Data         512  startup_stm32f10x_md.o(HEAP)
    STACK                                    0x200004f8   Section     1024  startup_stm32f10x_md.o(STACK)
    Stack_Mem                                0x200004f8   Data        1024  startup_stm32f10x_md.o(STACK)
    __initial_sp                             0x200008f8   Data           0  startup_stm32f10x_md.o(STACK)

    Global Symbols

    Symbol Name                              Value     Ov Type        Size  Object(Section)

    BuildAttributes$$THM_ISAv4$P$D$K$B$S$PE$A:L22UL41UL21$X:L11$S22US41US21$IEEE1$IW$USESV6$~STKCKD$USESV7$~SHL$OTIME$ROPI$IEEEJ$EBA8$UX$STANDARDLIB$REQ8$PRES8$EABIv2 0x00000000   Number         0  anon$$obj.o ABSOLUTE
    __ARM_use_no_argv                        0x00000000   Number         0  main.o ABSOLUTE
    _printf_flags                            0x00000000   Number         0  printf_stubs.o ABSOLUTE
    _printf_return_value                     0x00000000   Number         0  printf_stubs.o ABSOLUTE
    _printf_sizespec                         0x00000000   Number         0  printf_stubs.o ABSOLUTE
    _printf_widthprec                        0x00000000   Number         0  printf_stubs.o ABSOLUTE
    __ARM_exceptions_init                     - Undefined Weak Reference
    __alloca_initialize                       - Undefined Weak Reference
    __arm_preinit_                            - Undefined Weak Reference
    __cpp_initialize__aeabi_                  - Undefined Weak Reference
    __cxa_finalize                            - Undefined Weak Reference
    __sigvec_lookup                           - Undefined Weak Reference
    _atexit_init                              - Undefined Weak Reference
    _call_atexit_fns                          - Undefined Weak Reference
    _clock_init                               - Undefined Weak Reference
    _fp_trap_init                             - Undefined Weak Reference
    _fp_trap_shutdown                         - Undefined Weak Reference
    _get_lc_collate                           - Undefined Weak Reference
    _get_lc_monetary                          - Undefined Weak Reference
    _get_lc_time                              - Undefined Weak Reference
    _getenv_init                              - Undefined Weak Reference
    _handle_redirection                       - Undefined Weak Reference
    _init_alloc                               - Undefined Weak Reference
    _init_user_alloc                          - Undefined Weak Reference
    _initio                                   - Undefined Weak Reference
    _mutex_acquire                            - Undefined Weak Reference
    _mutex_release                            - Undefined Weak Reference
    _printf_mbtowc                            - Undefined Weak Reference
    _printf_wc                                - Undefined Weak Reference
    _rand_init                                - Undefined Weak Reference
    _signal_finish                            - Undefined Weak Reference
    _signal_init                              - Undefined Weak Reference
    _terminate_alloc                          - Undefined Weak Reference
    _terminate_user_alloc                     - Undefined Weak Reference
    _terminateio                              - Undefined Weak Reference
    __Vectors_Size                           0x000000ec   Number         0  startup_stm32f10x_md.o ABSOLUTE
    __Vectors                                0x08000000   Data           4  startup_stm32f10x_md.o(RESET)
    __Vectors_End                            0x080000ec   Data           0  startup_stm32f10x_md.o(RESET)
    __main                                   0x080000ed   Thumb Code     8  __main.o(!!!main)
    __scatterload                            0x080000f5   Thumb Code     0  __scatter.o(!!!scatter)
    __scatterload_rt2                        0x080000f5   Thumb Code    44  __scatter.o(!!!scatter)
    __scatterload_rt2_thumb_only             0x080000f5   Thumb Code     0  __scatter.o(!!!scatter)
    __scatterload_null                       0x08000103   Thumb Code     0  __scatter.o(!!!scatter)
    __scatterload_copy                       0x08000129   Thumb Code    26  __scatter_copy.o(!!handler_copy)
    __scatterload_zeroinit                   0x08000145   Thumb Code    28  __scatter_zi.o(!!handler_zi)
    _printf_n                                0x08000161   Thumb Code     0  _printf_n.o(.ARM.Collect$$_printf_percent$$00000001)
    _printf_percent                          0x08000161   Thumb Code     0  _printf_percent.o(.ARM.Collect$$_printf_percent$$00000000)
    _printf_p                                0x08000167   Thumb Code     0  _printf_p.o(.ARM.Collect$$_printf_percent$$00000002)
    _printf_f                                0x0800016d   Thumb Code     0  _printf_f.o(.ARM.Collect$$_printf_percent$$00000003)
    _printf_e                                0x08000173   Thumb Code     0  _printf_e.o(.ARM.Collect$$_printf_percent$$00000004)
    _printf_g                                0x08000179   Thumb Code     0  _printf_g.o(.ARM.Collect$$_printf_percent$$00000005)
    _printf_a                                0x0800017f   Thumb Code     0  _printf_a.o(.ARM.Collect$$_printf_percent$$00000006)
    _printf_ll                               0x08000185   Thumb Code     0  _printf_ll.o(.ARM.Collect$$_printf_percent$$00000007)
    _printf_i                                0x0800018f   Thumb Code     0  _printf_i.o(.ARM.Collect$$_printf_percent$$00000008)
    _printf_d                                0x08000195   Thumb Code     0  _printf_d.o(.ARM.Collect$$_printf_percent$$00000009)
    _printf_u                                0x0800019b   Thumb Code     0  _printf_u.o(.ARM.Collect$$_printf_percent$$0000000A)
    _printf_o                                0x080001a1   Thumb Code     0  _printf_o.o(.ARM.Collect$$_printf_percent$$0000000B)
    _printf_x                                0x080001a7   Thumb Code     0  _printf_x.o(.ARM.Collect$$_printf_percent$$0000000C)
    _printf_lli                              0x080001ad   Thumb Code     0  _printf_lli.o(.ARM.Collect$$_printf_percent$$0000000D)
    _printf_lld                              0x080001b3   Thumb Code     0  _printf_lld.o(.ARM.Collect$$_printf_percent$$0000000E)
    _printf_llu                              0x080001b9   Thumb Code     0  _printf_llu.o(.ARM.Collect$$_printf_percent$$0000000F)
    _printf_llo                              0x080001bf   Thumb Code     0  _printf_llo.o(.ARM.Collect$$_printf_percent$$00000010)
    _printf_llx                              0x080001c5   Thumb Code     0  _printf_llx.o(.ARM.Collect$$_printf_percent$$00000011)
    _printf_l                                0x080001cb   Thumb Code     0  _printf_l.o(.ARM.Collect$$_printf_percent$$00000012)
    _printf_c                                0x080001d5   Thumb Code     0  _printf_c.o(.ARM.Collect$$_printf_percent$$00000013)
    _printf_s                                0x080001db   Thumb Code     0  _printf_s.o(.ARM.Collect$$_printf_percent$$00000014)
    _printf_lc                               0x080001e1   Thumb Code     0  _printf_lc.o(.ARM.Collect$$_printf_percent$$00000015)
    _printf_ls                               0x080001e7   Thumb Code     0  _printf_ls.o(.ARM.Collect$$_printf_percent$$00000016)
    _printf_percent_end                      0x080001ed   Thumb Code     0  _printf_percent_end.o(.ARM.Collect$$_printf_percent$$00000017)
    __rt_lib_init                            0x080001f1   Thumb Code     0  libinit.o(.ARM.Collect$$libinit$$00000000)
    __rt_lib_init_fp_1                       0x080001f3   Thumb Code     0  libinit2.o(.ARM.Collect$$libinit$$00000002)
    __rt_lib_init_heap_1                     0x080001f3   Thumb Code     0  libinit2.o(.ARM.Collect$$libinit$$0000000A)
    __rt_lib_init_lc_common                  0x080001f3   Thumb Code     0  libinit2.o(.ARM.Collect$$libinit$$0000000F)
    __rt_lib_init_preinit_1                  0x080001f3   Thumb Code     0  libinit2.o(.ARM.Collect$$libinit$$00000004)
    __rt_lib_init_rand_1                     0x080001f3   Thumb Code     0  libinit2.o(.ARM.Collect$$libinit$$0000000E)
    __rt_lib_init_user_alloc_1               0x080001f3   Thumb Code     0  libinit2.o(.ARM.Collect$$libinit$$0000000C)
    __rt_lib_init_lc_collate_1               0x080001f9   Thumb Code     0  libinit2.o(.ARM.Collect$$libinit$$00000011)
    __rt_lib_init_lc_ctype_2                 0x080001f9   Thumb Code     0  libinit2.o(.ARM.Collect$$libinit$$00000012)
    __rt_lib_init_lc_ctype_1                 0x08000205   Thumb Code     0  libinit2.o(.ARM.Collect$$libinit$$00000013)
    __rt_lib_init_lc_monetary_1              0x08000205   Thumb Code     0  libinit2.o(.ARM.Collect$$libinit$$00000015)
    __rt_lib_init_lc_numeric_2               0x08000205   Thumb Code     0  libinit2.o(.ARM.Collect$$libinit$$00000016)
    __rt_lib_init_alloca_1                   0x0800020f   Thumb Code     0  libinit2.o(.ARM.Collect$$libinit$$0000002E)
    __rt_lib_init_argv_1                     0x0800020f   Thumb Code     0  libinit2.o(.ARM.Collect$$libinit$$0000002C)
    __rt_lib_init_atexit_1                   0x0800020f   Thumb Code     0  libinit2.o(.ARM.Collect$$libinit$$0000001B)
    __rt_lib_init_clock_1                    0x0800020f   Thumb Code     0  libinit2.o(.ARM.Collect$$libinit$$00000021)
    __rt_lib_init_cpp_1                      0x0800020f   Thumb Code     0  libinit2.o(.ARM.Collect$$libinit$$00000032)
    __rt_lib_init_exceptions_1               0x0800020f   Thumb Code     0  libinit2.o(.ARM.Collect$$libinit$$00000030)
    __rt_lib_init_fp_trap_1                  0x0800020f   Thumb Code     0  libinit2.o(.ARM.Collect$$libinit$$0000001F)
    __rt_lib_init_getenv_1                   0x0800020f   Thumb Code     0  libinit2.o(.ARM.Collect$$libinit$$00000023)
    __rt_lib_init_lc_numeric_1               0x0800020f   Thumb Code     0  libinit2.o(.ARM.Collect$$libinit$$00000017)
    __rt_lib_init_lc_time_1                  0x0800020f   Thumb Code     0  libinit2.o(.ARM.Collect$$libinit$$00000019)
    __rt_lib_init_return                     0x0800020f   Thumb Code     0  libinit2.o(.ARM.Collect$$libinit$$00000033)
    __rt_lib_init_signal_1                   0x0800020f   Thumb Code     0  libinit2.o(.ARM.Collect$$libinit$$0000001D)
    __rt_lib_init_stdio_1                    0x0800020f   Thumb Code     0  libinit2.o(.ARM.Collect$$libinit$$00000025)
    __rt_lib_shutdown                        0x08000211   Thumb Code     0  libshutdown.o(.ARM.Collect$$libshutdown$$00000000)
    __rt_lib_shutdown_cpp_1                  0x08000213   Thumb Code     0  libshutdown2.o(.ARM.Collect$$libshutdown$$00000002)
    __rt_lib_shutdown_fp_trap_1              0x08000213   Thumb Code     0  libshutdown2.o(.ARM.Collect$$libshutdown$$00000007)
    __rt_lib_shutdown_heap_1                 0x08000213   Thumb Code     0  libshutdown2.o(.ARM.Collect$$libshutdown$$0000000F)
    __rt_lib_shutdown_return                 0x08000213   Thumb Code     0  libshutdown2.o(.ARM.Collect$$libshutdown$$00000010)
    __rt_lib_shutdown_signal_1               0x08000213   Thumb Code     0  libshutdown2.o(.ARM.Collect$$libshutdown$$0000000A)
    __rt_lib_shutdown_stdio_1                0x08000213   Thumb Code     0  libshutdown2.o(.ARM.Collect$$libshutdown$$00000004)
    __rt_lib_shutdown_user_alloc_1           0x08000213   Thumb Code     0  libshutdown2.o(.ARM.Collect$$libshutdown$$0000000C)
    __rt_entry                               0x08000215   Thumb Code     0  __rtentry.o(.ARM.Collect$$rtentry$$00000000)
    __rt_entry_presh_1                       0x08000215   Thumb Code     0  __rtentry2.o(.ARM.Collect$$rtentry$$00000002)
    __rt_entry_sh                            0x08000215   Thumb Code     0  __rtentry4.o(.ARM.Collect$$rtentry$$00000004)
    __rt_entry_li                            0x0800021b   Thumb Code     0  __rtentry2.o(.ARM.Collect$$rtentry$$0000000A)
    __rt_entry_postsh_1                      0x0800021b   Thumb Code     0  __rtentry2.o(.ARM.Collect$$rtentry$$00000009)
    __rt_entry_main                          0x0800021f   Thumb Code     0  __rtentry2.o(.ARM.Collect$$rtentry$$0000000D)
    __rt_entry_postli_1                      0x0800021f   Thumb Code     0  __rtentry2.o(.ARM.Collect$$rtentry$$0000000C)
    __rt_exit                                0x08000227   Thumb Code     0  rtexit.o(.ARM.Collect$$rtexit$$00000000)
    __rt_exit_ls                             0x08000229   Thumb Code     0  rtexit2.o(.ARM.Collect$$rtexit$$00000003)
    __rt_exit_prels_1                        0x08000229   Thumb Code     0  rtexit2.o(.ARM.Collect$$rtexit$$00000002)
    __rt_exit_exit                           0x0800022d   Thumb Code     0  rtexit2.o(.ARM.Collect$$rtexit$$00000004)
    Reset_Handler                            0x08000235   Thumb Code     8  startup_stm32f10x_md.o(.text)
    ADC1_2_IRQHandler                        0x0800024f   Thumb Code     0  startup_stm32f10x_md.o(.text)
    CAN1_RX1_IRQHandler                      0x0800024f   Thumb Code     0  startup_stm32f10x_md.o(.text)
    CAN1_SCE_IRQHandler                      0x0800024f   Thumb Code     0  startup_stm32f10x_md.o(.text)
    EXTI0_IRQHandler                         0x0800024f   Thumb Code     0  startup_stm32f10x_md.o(.text)
    EXTI15_10_IRQHandler                     0x0800024f   Thumb Code     0  startup_stm32f10x_md.o(.text)
    EXTI1_IRQHandler                         0x0800024f   Thumb Code     0  startup_stm32f10x_md.o(.text)
    EXTI2_IRQHandler                         0x0800024f   Thumb Code     0  startup_stm32f10x_md.o(.text)
    EXTI3_IRQHandler                         0x0800024f   Thumb Code     0  startup_stm32f10x_md.o(.text)
    EXTI4_IRQHandler                         0x0800024f   Thumb Code     0  startup_stm32f10x_md.o(.text)
    EXTI9_5_IRQHandler                       0x0800024f   Thumb Code     0  startup_stm32f10x_md.o(.text)
    FLASH_IRQHandler                         0x0800024f   Thumb Code     0  startup_stm32f10x_md.o(.text)
    I2C1_ER_IRQHandler                       0x0800024f   Thumb Code     0  startup_stm32f10x_md.o(.text)
    I2C1_EV_IRQHandler                       0x0800024f   Thumb Code     0  startup_stm32f10x_md.o(.text)
    I2C2_ER_IRQHandler                       0x0800024f   Thumb Code     0  startup_stm32f10x_md.o(.text)
    I2C2_EV_IRQHandler                       0x0800024f   Thumb Code     0  startup_stm32f10x_md.o(.text)
    PVD_IRQHandler                           0x0800024f   Thumb Code     0  startup_stm32f10x_md.o(.text)
    RCC_IRQHandler                           0x0800024f   Thumb Code     0  startup_stm32f10x_md.o(.text)
    RTCAlarm_IRQHandler                      0x0800024f   Thumb Code     0  startup_stm32f10x_md.o(.text)
    RTC_IRQHandler                           0x0800024f   Thumb Code     0  startup_stm32f10x_md.o(.text)
    SPI1_IRQHandler                          0x0800024f   Thumb Code     0  startup_stm32f10x_md.o(.text)
    SPI2_IRQHandler                          0x0800024f   Thumb Code     0  startup_stm32f10x_md.o(.text)
    TAMPER_IRQHandler                        0x0800024f   Thumb Code     0  startup_stm32f10x_md.o(.text)
    TIM1_BRK_IRQHandler                      0x0800024f   Thumb Code     0  startup_stm32f10x_md.o(.text)
    TIM1_CC_IRQHandler                       0x0800024f   Thumb Code     0  startup_stm32f10x_md.o(.text)
    TIM1_TRG_COM_IRQHandler                  0x0800024f   Thumb Code     0  startup_stm32f10x_md.o(.text)
    TIM1_UP_IRQHandler                       0x0800024f   Thumb Code     0  startup_stm32f10x_md.o(.text)
    TIM3_IRQHandler                          0x0800024f   Thumb Code     0  startup_stm32f10x_md.o(.text)
    TIM4_IRQHandler                          0x0800024f   Thumb Code     0  startup_stm32f10x_md.o(.text)
    USBWakeUp_IRQHandler                     0x0800024f   Thumb Code     0  startup_stm32f10x_md.o(.text)
    USB_HP_CAN1_TX_IRQHandler                0x0800024f   Thumb Code     0  startup_stm32f10x_md.o(.text)
    USB_LP_CAN1_RX0_IRQHandler               0x0800024f   Thumb Code     0  startup_stm32f10x_md.o(.text)
    WWDG_IRQHandler                          0x0800024f   Thumb Code     0  startup_stm32f10x_md.o(.text)
    __user_initial_stackheap                 0x08000251   Thumb Code     0  startup_stm32f10x_md.o(.text)
    __use_no_semihosting                     0x08000275   Thumb Code     2  use_no_semi_2.o(.text)
    printf                                   0x08000279   Thumb Code    20  printf.o(.text)
    __2printf                                0x08000291   Thumb Code    20  __2printf.o(.text)
    _printf_int_dec                          0x080002a9   Thumb Code   104  _printf_dec.o(.text)
    __printf                                 0x08000321   Thumb Code   388  __printf_flags_ss_wp.o(.text)
    strstr                                   0x080004a9   Thumb Code    36  strstr.o(.text)
    strcpy                                   0x080004cd   Thumb Code    72  strcpy.o(.text)
    strlen                                   0x08000515   Thumb Code    62  strlen.o(.text)
    strncpy                                  0x08000553   Thumb Code    86  strncpy.o(.text)
    strcmp                                   0x080005a9   Thumb Code   128  strcmpv7m.o(.text)
    __use_two_region_memory                  0x08000629   Thumb Code     2  heapauxi.o(.text)
    __rt_heap_escrow$2region                 0x0800062b   Thumb Code     2  heapauxi.o(.text)
    __rt_heap_expand$2region                 0x0800062d   Thumb Code     2  heapauxi.o(.text)
    __I$use$semihosting                      0x0800062f   Thumb Code     0  use_no_semi.o(.text)
    __use_no_semihosting_swi                 0x0800062f   Thumb Code     2  use_no_semi.o(.text)
    _printf_pre_padding                      0x08000631   Thumb Code    44  _printf_pad.o(.text)
    _printf_post_padding                     0x0800065d   Thumb Code    34  _printf_pad.o(.text)
    _printf_truncate_signed                  0x0800067f   Thumb Code    18  _printf_truncate.o(.text)
    _printf_truncate_unsigned                0x08000691   Thumb Code    18  _printf_truncate.o(.text)
    _printf_str                              0x080006a3   Thumb Code    82  _printf_str.o(.text)
    _printf_int_common                       0x080006f5   Thumb Code   178  _printf_intcommon.o(.text)
    _printf_charcount                        0x080007a7   Thumb Code    40  _printf_charcount.o(.text)
    _printf_char_file                        0x080007d1   Thumb Code    32  _printf_char_file.o(.text)
    _printf_wctomb                           0x080007f5   Thumb Code   182  _printf_wctomb.o(.text)
    _printf_longlong_dec                     0x080008b1   Thumb Code   108  _printf_longlong_dec.o(.text)
    _printf_longlong_oct                     0x0800092d   Thumb Code    66  _printf_oct_int_ll.o(.text)
    _printf_int_oct                          0x0800096f   Thumb Code    24  _printf_oct_int_ll.o(.text)
    _printf_ll_oct                           0x08000987   Thumb Code    12  _printf_oct_int_ll.o(.text)
    _printf_longlong_hex                     0x0800099d   Thumb Code    86  _printf_hex_int_ll_ptr.o(.text)
    _printf_int_hex                          0x080009f3   Thumb Code    28  _printf_hex_int_ll_ptr.o(.text)
    _printf_ll_hex                           0x08000a0f   Thumb Code    12  _printf_hex_int_ll_ptr.o(.text)
    _printf_hex_ptr                          0x08000a1b   Thumb Code    18  _printf_hex_int_ll_ptr.o(.text)
    __aeabi_memclr                           0x08000a31   Thumb Code     0  rt_memclr.o(.text)
    __rt_memclr                              0x08000a31   Thumb Code    68  rt_memclr.o(.text)
    _memset                                  0x08000a35   Thumb Code     0  rt_memclr.o(.text)
    _ll_udiv10                               0x08000a75   Thumb Code   138  lludiv10.o(.text)
    __lib_sel_fp_printf                      0x08000aff   Thumb Code     2  _printf_fp_dec.o(.text)
    _printf_fp_dec_real                      0x08000cb1   Thumb Code   620  _printf_fp_dec.o(.text)
    _printf_fp_hex_real                      0x08000f1d   Thumb Code   756  _printf_fp_hex.o(.text)
    _printf_char_common                      0x08001223   Thumb Code    32  _printf_char_common.o(.text)
    _printf_cs_common                        0x08001249   Thumb Code    20  _printf_char.o(.text)
    _printf_char                             0x0800125d   Thumb Code    16  _printf_char.o(.text)
    _printf_string                           0x0800126d   Thumb Code     8  _printf_char.o(.text)
    _printf_lcs_common                       0x08001275   Thumb Code    20  _printf_wchar.o(.text)
    _printf_wchar                            0x08001289   Thumb Code    16  _printf_wchar.o(.text)
    _printf_wstring                          0x08001299   Thumb Code     8  _printf_wchar.o(.text)
    ferror                                   0x080012a1   Thumb Code     8  ferror.o(.text)
    _wcrtomb                                 0x080012a9   Thumb Code    64  _wcrtomb.o(.text)
    __aeabi_memclr4                          0x080012e9   Thumb Code     0  rt_memclr_w.o(.text)
    __aeabi_memclr8                          0x080012e9   Thumb Code     0  rt_memclr_w.o(.text)
    __rt_memclr_w                            0x080012e9   Thumb Code    78  rt_memclr_w.o(.text)
    _memset_w                                0x080012ed   Thumb Code     0  rt_memclr_w.o(.text)
    __user_setup_stackheap                   0x08001337   Thumb Code    74  sys_stackheap_outer.o(.text)
    __rt_ctype_table                         0x08001381   Thumb Code    16  rt_ctype_table.o(.text)
    __rt_locale                              0x08001391   Thumb Code     8  rt_locale_intlibspace.o(.text)
    _printf_fp_infnan                        0x08001399   Thumb Code   112  _printf_fp_infnan.o(.text)
    _btod_etento                             0x08001419   Thumb Code   224  bigflt0.o(.text)
    exit                                     0x080014fd   Thumb Code    18  exit.o(.text)
    __user_libspace                          0x08001511   Thumb Code     8  libspace.o(.text)
    __user_perproc_libspace                  0x08001511   Thumb Code     0  libspace.o(.text)
    __user_perthread_libspace                0x08001511   Thumb Code     0  libspace.o(.text)
    _btod_d2e                                0x08001519   Thumb Code    62  btod.o(CL$$btod_d2e)
    _d2e_denorm_low                          0x08001557   Thumb Code    70  btod.o(CL$$btod_d2e_denorm_low)
    _d2e_norm_op1                            0x0800159d   Thumb Code    96  btod.o(CL$$btod_d2e_norm_op1)
    __btod_div_common                        0x080015fd   Thumb Code   696  btod.o(CL$$btod_div_common)
    _e2e                                     0x08001935   Thumb Code   220  btod.o(CL$$btod_e2e)
    _btod_ediv                               0x08001a11   Thumb Code    42  btod.o(CL$$btod_ediv)
    _btod_emul                               0x08001a3b   Thumb Code    42  btod.o(CL$$btod_emul)
    __btod_mult_common                       0x08001a65   Thumb Code   580  btod.o(CL$$btod_mult_common)
    BusFault_Handler                         0x08001ca9   Thumb Code     4  stm32f10x_it.o(i.BusFault_Handler)
    ClearRAM                                 0x08001cad   Thumb Code    18  bsp.o(i.ClearRAM)
    DMA1_Channel1_Event                      0x08001cbf   Thumb Code     2  dma_stm32f10x.o(i.DMA1_Channel1_Event)
    DMA1_Channel1_IRQHandler                 0x08001cc1   Thumb Code    22  dma_stm32f10x.o(i.DMA1_Channel1_IRQHandler)
    DMA1_Channel2_Event                      0x08001cdd   Thumb Code     2  dma_stm32f10x.o(i.DMA1_Channel2_Event)
    DMA1_Channel2_IRQHandler                 0x08001ce1   Thumb Code    24  dma_stm32f10x.o(i.DMA1_Channel2_IRQHandler)
    DMA1_Channel3_Event                      0x08001cfd   Thumb Code     2  dma_stm32f10x.o(i.DMA1_Channel3_Event)
    DMA1_Channel3_IRQHandler                 0x08001d01   Thumb Code    24  dma_stm32f10x.o(i.DMA1_Channel3_IRQHandler)
    DMA1_Channel4_Event                      0x08001d1d   Thumb Code     2  dma_stm32f10x.o(i.DMA1_Channel4_Event)
    DMA1_Channel4_IRQHandler                 0x08001d21   Thumb Code    24  dma_stm32f10x.o(i.DMA1_Channel4_IRQHandler)
    DMA1_Channel5_Event                      0x08001d3d   Thumb Code     2  dma_stm32f10x.o(i.DMA1_Channel5_Event)
    DMA1_Channel5_IRQHandler                 0x08001d41   Thumb Code    24  dma_stm32f10x.o(i.DMA1_Channel5_IRQHandler)
    DMA1_Channel6_Event                      0x08001d5d   Thumb Code     2  dma_stm32f10x.o(i.DMA1_Channel6_Event)
    DMA1_Channel6_IRQHandler                 0x08001d61   Thumb Code    24  dma_stm32f10x.o(i.DMA1_Channel6_IRQHandler)
    DMA1_Channel7_Event                      0x08001d7d   Thumb Code     2  dma_stm32f10x.o(i.DMA1_Channel7_Event)
    DMA1_Channel7_IRQHandler                 0x08001d81   Thumb Code    24  dma_stm32f10x.o(i.DMA1_Channel7_IRQHandler)
    DebugMon_Handler                         0x08001d9d   Thumb Code     2  stm32f10x_it.o(i.DebugMon_Handler)
    GPIO_Configuration                       0x08001da1   Thumb Code    72  main.o(i.GPIO_Configuration)
    GPIO_Init                                0x08001ded   Thumb Code   278  stm32f10x_gpio.o(i.GPIO_Init)
    GPIO_ResetBits                           0x08001f03   Thumb Code     4  stm32f10x_gpio.o(i.GPIO_ResetBits)
    GPIO_SetBits                             0x08001f07   Thumb Code     4  stm32f10x_gpio.o(i.GPIO_SetBits)
    HardFault_Handler                        0x08001f0b   Thumb Code     4  stm32f10x_it.o(i.HardFault_Handler)
    HexToChar                                0x08001f0f   Thumb Code    52  main.o(i.HexToChar)
    IWDG_Enable                              0x08001f45   Thumb Code    10  stm32f10x_iwdg.o(i.IWDG_Enable)
    IWDG_ReloadCounter                       0x08001f55   Thumb Code    10  stm32f10x_iwdg.o(i.IWDG_ReloadCounter)
    IWDG_SetPrescaler                        0x08001f65   Thumb Code     6  stm32f10x_iwdg.o(i.IWDG_SetPrescaler)
    IWDG_SetReload                           0x08001f71   Thumb Code     6  stm32f10x_iwdg.o(i.IWDG_SetReload)
    IWDG_WriteAccessCmd                      0x08001f7d   Thumb Code     6  stm32f10x_iwdg.o(i.IWDG_WriteAccessCmd)
    M35_HTTPConnect                          0x08001f89   Thumb Code   804  m35.o(i.M35_HTTPConnect)
    MemManage_Handler                        0x080024e5   Thumb Code     4  stm32f10x_it.o(i.MemManage_Handler)
    NMI_Handler                              0x080024e9   Thumb Code     2  stm32f10x_it.o(i.NMI_Handler)
    NVIC_Init                                0x080024ed   Thumb Code   100  misc.o(i.NVIC_Init)
    PendSV_Handler                           0x0800255d   Thumb Code     2  stm32f10x_it.o(i.PendSV_Handler)
    PrintfClear                              0x08002561   Thumb Code    18  bsp.o(i.PrintfClear)
    RCC_APB1PeriphClockCmd                   0x08002579   Thumb Code    26  stm32f10x_rcc.o(i.RCC_APB1PeriphClockCmd)
    RCC_APB1PeriphResetCmd                   0x08002599   Thumb Code    26  stm32f10x_rcc.o(i.RCC_APB1PeriphResetCmd)
    RCC_APB2PeriphClockCmd                   0x080025b9   Thumb Code    26  stm32f10x_rcc.o(i.RCC_APB2PeriphClockCmd)
    RCC_APB2PeriphResetCmd                   0x080025d9   Thumb Code    26  stm32f10x_rcc.o(i.RCC_APB2PeriphResetCmd)
    RCC_GetClocksFreq                        0x080025f9   Thumb Code   192  stm32f10x_rcc.o(i.RCC_GetClocksFreq)
    SIM_SendCmd                              0x080026cd   Thumb Code   142  m35.o(i.SIM_SendCmd)
    SVC_Handler                              0x0800276d   Thumb Code     2  stm32f10x_it.o(i.SVC_Handler)
    SoftReset                                0x08002859   Thumb Code    68  main.o(i.SoftReset)
    SysTick_Handler                          0x080028a5   Thumb Code     2  stm32f10x_it.o(i.SysTick_Handler)
    SystemInit                               0x080028a9   Thumb Code    78  system_stm32f10x.o(i.SystemInit)
    TIM2_IRQHandler                          0x08002909   Thumb Code    32  stm32f10x_it.o(i.TIM2_IRQHandler)
    TIM2_init                                0x0800292d   Thumb Code   110  bsp.o(i.TIM2_init)
    TIM_ARRPreloadConfig                     0x0800299b   Thumb Code    24  stm32f10x_tim.o(i.TIM_ARRPreloadConfig)
    TIM_ClearFlag                            0x080029b3   Thumb Code     6  stm32f10x_tim.o(i.TIM_ClearFlag)
    TIM_ClearITPendingBit                    0x080029b9   Thumb Code     6  stm32f10x_tim.o(i.TIM_ClearITPendingBit)
    TIM_Cmd                                  0x080029bf   Thumb Code    24  stm32f10x_tim.o(i.TIM_Cmd)
    TIM_GetITStatus                          0x080029d7   Thumb Code    34  stm32f10x_tim.o(i.TIM_GetITStatus)
    TIM_ITConfig                             0x080029f9   Thumb Code    18  stm32f10x_tim.o(i.TIM_ITConfig)
    TIM_TimeBaseInit                         0x08002a0d   Thumb Code   122  stm32f10x_tim.o(i.TIM_TimeBaseInit)
    USART1_IRQHandler                        0x08002ab1   Thumb Code     2  stm32f10x_it.o(i.USART1_IRQHandler)
    USART1_Initialise                        0x08002ab5   Thumb Code   152  main.o(i.USART1_Initialise)
    USART2_IRQHandler                        0x08002b55   Thumb Code   100  stm32f10x_it.o(i.USART2_IRQHandler)
    USART2_Initialise                        0x08002bc1   Thumb Code   154  main.o(i.USART2_Initialise)
    USART3_IRQHandler                        0x08002c65   Thumb Code    84  stm32f10x_it.o(i.USART3_IRQHandler)
    USART3_Initialise                        0x08002cc9   Thumb Code   172  main.o(i.USART3_Initialise)
    USART_Cmd                                0x08002d7d   Thumb Code    24  stm32f10x_usart.o(i.USART_Cmd)
    USART_DeInit                             0x08002d95   Thumb Code   134  stm32f10x_usart.o(i.USART_DeInit)
    USART_GetFlagStatus                      0x08002e31   Thumb Code    26  stm32f10x_usart.o(i.USART_GetFlagStatus)
    USART_ITConfig                           0x08002e4b   Thumb Code    74  stm32f10x_usart.o(i.USART_ITConfig)
    USART_Init                               0x08002e95   Thumb Code   210  stm32f10x_usart.o(i.USART_Init)
    USART_ReceiveData                        0x08002f6d   Thumb Code    10  stm32f10x_usart.o(i.USART_ReceiveData)
    USART_SendData                           0x08002f77   Thumb Code     8  stm32f10x_usart.o(i.USART_SendData)
    UartRead                                 0x08002f81   Thumb Code    46  main.o(i.UartRead)
    UartWrite                                0x08002fb9   Thumb Code    66  main.o(i.UartWrite)
    UsageFault_Handler                       0x08003005   Thumb Code     4  stm32f10x_it.o(i.UsageFault_Handler)
    Usart_SendByte                           0x08003009   Thumb Code    30  main.o(i.Usart_SendByte)
    Usart_SendString                         0x08003027   Thumb Code    28  main.o(i.Usart_SendString)
    __ARM_fpclassify                         0x08003043   Thumb Code    40  fpclassify.o(i.__ARM_fpclassify)
    _is_digit                                0x0800306b   Thumb Code    14  __printf_wp.o(i._is_digit)
    _sys_exit                                0x08003079   Thumb Code     6  bsp.o(i._sys_exit)
    cabinet_to_buff                          0x08003081   Thumb Code   128  main.o(i.cabinet_to_buff)
    crc16                                    0x0800310d   Thumb Code    74  main.o(i.crc16)
    delay_init                               0x0800315d   Thumb Code    56  delay.o(i.delay_init)
    delay_ms                                 0x0800319d   Thumb Code    56  delay.o(i.delay_ms)
    fputc                                    0x080031d9   Thumb Code    24  bsp.o(i.fputc)
    hex_to_char                              0x080031f5   Thumb Code    62  main.o(i.hex_to_char)
    iwdg_init                                0x08003239   Thumb Code    30  main.o(i.iwdg_init)
    main                                     0x08003259   Thumb Code   814  main.o(i.main)
    r_485                                    0x080036bd   Thumb Code   390  main.o(i.r_485)
    t_485_03                                 0x08003859   Thumb Code    68  main.o(i.t_485_03)
    t_485_06                                 0x080038a9   Thumb Code   114  main.o(i.t_485_06)
    _get_lc_numeric                          0x08003931   Thumb Code    44  lc_numeric_c.o(locale$$code)
    _get_lc_ctype                            0x0800395d   Thumb Code    44  lc_ctype_c.o(locale$$code)
    _printf_fp_dec                           0x08003989   Thumb Code     4  printf1.o(x$fpl$printf1)
    _printf_fp_hex                           0x0800398d   Thumb Code     4  printf2.o(x$fpl$printf2)
    __I$use$fp                               0x08003990   Number         0  usenofp.o(x$fpl$usenofp)
    Region$$Table$$Base                      0x08003a90   Number         0  anon$$obj.o(Region$$Table)
    Region$$Table$$Limit                     0x08003ab0   Number         0  anon$$obj.o(Region$$Table)
    __ctype                                  0x08003ad9   Data           0  lc_ctype_c.o(locale$$data)
    flag5ms                                  0x20000000   Data           1  main.o(.data)
    flag30s                                  0x20000002   Data           2  main.o(.data)
    flag10s                                  0x20000004   Data           2  main.o(.data)
    timebase                                 0x20000006   Data           1  main.o(.data)
    httpdata                                 0x20000008   Data           4  main.o(.data)
    flagOnceTxd                              0x2000000c   Data           1  main.o(.data)
    cmdArrived                               0x2000000d   Data           1  main.o(.data)
    cntRxd                                   0x2000000e   Data           1  main.o(.data)
    crc                                      0x2000000f   Data           2  main.o(.data)
    tbuf                                     0x20000011   Data           8  main.o(.data)
    lock_comm                                0x20000019   Data           6  main.o(.data)
    con_locker                               0x2000001f   Data           1  main.o(.data)
    lock_address                             0x20000020   Data           1  main.o(.data)
    address                                  0x20000021   Data           1  main.o(.data)
    ffffff                                   0x20000022   Data           1  main.o(.data)
    __stdout                                 0x20000028   Data           4  bsp.o(.data)
    ADCConvertedValue                        0x2000002c   Data           4  bsp.o(.data)
    M35REBUFStructure                        0x20000044   Data         257  main.o(.bss)
    HTTPPostData                             0x20000145   Data          40  main.o(.bss)
    cabinet                                  0x2000016d   Data          46  main.o(.bss)
    cabinetbuff                              0x2000019b   Data          46  main.o(.bss)
    hex2char                                 0x200001c9   Data          93  main.o(.bss)
    bufRxd                                   0x20000226   Data          40  main.o(.bss)
    cell_status                              0x2000024e   Data          60  main.o(.bss)
    rbuf                                     0x2000028a   Data          13  main.o(.bss)
    __libspace_start                         0x20000298   Data          96  libspace.o(.bss)
    __temporary_stack_top$libspace           0x200002f8   Data           0  libspace.o(.bss)



==============================================================================

Memory Map of the image

  Image Entry point : 0x080000ed

  Load Region LR_IROM1 (Base: 0x08000000, Size: 0x00003c20, Max: 0x00010000, ABSOLUTE)

    Execution Region ER_IROM1 (Exec base: 0x08000000, Load base: 0x08000000, Size: 0x00003bdc, Max: 0x00010000, ABSOLUTE)

    Exec Addr    Load Addr    Size         Type   Attr      Idx    E Section Name        Object

    0x08000000   0x08000000   0x000000ec   Data   RO         2251    RESET               startup_stm32f10x_md.o
    0x080000ec   0x080000ec   0x00000008   Code   RO         2350  * !!!main             c_w.l(__main.o)
    0x080000f4   0x080000f4   0x00000034   Code   RO         2649    !!!scatter          c_w.l(__scatter.o)
    0x08000128   0x08000128   0x0000001a   Code   RO         2651    !!handler_copy      c_w.l(__scatter_copy.o)
    0x08000142   0x08000142   0x00000002   PAD
    0x08000144   0x08000144   0x0000001c   Code   RO         2653    !!handler_zi        c_w.l(__scatter_zi.o)
    0x08000160   0x08000160   0x00000000   Code   RO         2337    .ARM.Collect$$_printf_percent$$00000000  c_w.l(_printf_percent.o)
    0x08000160   0x08000160   0x00000006   Code   RO         2401    .ARM.Collect$$_printf_percent$$00000001  c_w.l(_printf_n.o)
    0x08000166   0x08000166   0x00000006   Code   RO         2403    .ARM.Collect$$_printf_percent$$00000002  c_w.l(_printf_p.o)
    0x0800016c   0x0800016c   0x00000006   Code   RO         2407    .ARM.Collect$$_printf_percent$$00000003  c_w.l(_printf_f.o)
    0x08000172   0x08000172   0x00000006   Code   RO         2408    .ARM.Collect$$_printf_percent$$00000004  c_w.l(_printf_e.o)
    0x08000178   0x08000178   0x00000006   Code   RO         2409    .ARM.Collect$$_printf_percent$$00000005  c_w.l(_printf_g.o)
    0x0800017e   0x0800017e   0x00000006   Code   RO         2410    .ARM.Collect$$_printf_percent$$00000006  c_w.l(_printf_a.o)
    0x08000184   0x08000184   0x0000000a   Code   RO         2415    .ARM.Collect$$_printf_percent$$00000007  c_w.l(_printf_ll.o)
    0x0800018e   0x0800018e   0x00000006   Code   RO         2405    .ARM.Collect$$_printf_percent$$00000008  c_w.l(_printf_i.o)
    0x08000194   0x08000194   0x00000006   Code   RO         2336    .ARM.Collect$$_printf_percent$$00000009  c_w.l(_printf_d.o)
    0x0800019a   0x0800019a   0x00000006   Code   RO         2406    .ARM.Collect$$_printf_percent$$0000000A  c_w.l(_printf_u.o)
    0x080001a0   0x080001a0   0x00000006   Code   RO         2404    .ARM.Collect$$_printf_percent$$0000000B  c_w.l(_printf_o.o)
    0x080001a6   0x080001a6   0x00000006   Code   RO         2402    .ARM.Collect$$_printf_percent$$0000000C  c_w.l(_printf_x.o)
    0x080001ac   0x080001ac   0x00000006   Code   RO         2412    .ARM.Collect$$_printf_percent$$0000000D  c_w.l(_printf_lli.o)
    0x080001b2   0x080001b2   0x00000006   Code   RO         2413    .ARM.Collect$$_printf_percent$$0000000E  c_w.l(_printf_lld.o)
    0x080001b8   0x080001b8   0x00000006   Code   RO         2414    .ARM.Collect$$_printf_percent$$0000000F  c_w.l(_printf_llu.o)
    0x080001be   0x080001be   0x00000006   Code   RO         2419    .ARM.Collect$$_printf_percent$$00000010  c_w.l(_printf_llo.o)
    0x080001c4   0x080001c4   0x00000006   Code   RO         2420    .ARM.Collect$$_printf_percent$$00000011  c_w.l(_printf_llx.o)
    0x080001ca   0x080001ca   0x0000000a   Code   RO         2416    .ARM.Collect$$_printf_percent$$00000012  c_w.l(_printf_l.o)
    0x080001d4   0x080001d4   0x00000006   Code   RO         2399    .ARM.Collect$$_printf_percent$$00000013  c_w.l(_printf_c.o)
    0x080001da   0x080001da   0x00000006   Code   RO         2400    .ARM.Collect$$_printf_percent$$00000014  c_w.l(_printf_s.o)
    0x080001e0   0x080001e0   0x00000006   Code   RO         2417    .ARM.Collect$$_printf_percent$$00000015  c_w.l(_printf_lc.o)
    0x080001e6   0x080001e6   0x00000006   Code   RO         2418    .ARM.Collect$$_printf_percent$$00000016  c_w.l(_printf_ls.o)
    0x080001ec   0x080001ec   0x00000004   Code   RO         2411    .ARM.Collect$$_printf_percent$$00000017  c_w.l(_printf_percent_end.o)
    0x080001f0   0x080001f0   0x00000002   Code   RO         2515    .ARM.Collect$$libinit$$00000000  c_w.l(libinit.o)
    0x080001f2   0x080001f2   0x00000000   Code   RO         2530    .ARM.Collect$$libinit$$00000002  c_w.l(libinit2.o)
    0x080001f2   0x080001f2   0x00000000   Code   RO         2532    .ARM.Collect$$libinit$$00000004  c_w.l(libinit2.o)
    0x080001f2   0x080001f2   0x00000000   Code   RO         2535    .ARM.Collect$$libinit$$0000000A  c_w.l(libinit2.o)
    0x080001f2   0x080001f2   0x00000000   Code   RO         2537    .ARM.Collect$$libinit$$0000000C  c_w.l(libinit2.o)
    0x080001f2   0x080001f2   0x00000000   Code   RO         2539    .ARM.Collect$$libinit$$0000000E  c_w.l(libinit2.o)
    0x080001f2   0x080001f2   0x00000006   Code   RO         2540    .ARM.Collect$$libinit$$0000000F  c_w.l(libinit2.o)
    0x080001f8   0x080001f8   0x00000000   Code   RO         2542    .ARM.Collect$$libinit$$00000011  c_w.l(libinit2.o)
    0x080001f8   0x080001f8   0x0000000c   Code   RO         2543    .ARM.Collect$$libinit$$00000012  c_w.l(libinit2.o)
    0x08000204   0x08000204   0x00000000   Code   RO         2544    .ARM.Collect$$libinit$$00000013  c_w.l(libinit2.o)
    0x08000204   0x08000204   0x00000000   Code   RO         2546    .ARM.Collect$$libinit$$00000015  c_w.l(libinit2.o)
    0x08000204   0x08000204   0x0000000a   Code   RO         2547    .ARM.Collect$$libinit$$00000016  c_w.l(libinit2.o)
    0x0800020e   0x0800020e   0x00000000   Code   RO         2548    .ARM.Collect$$libinit$$00000017  c_w.l(libinit2.o)
    0x0800020e   0x0800020e   0x00000000   Code   RO         2550    .ARM.Collect$$libinit$$00000019  c_w.l(libinit2.o)
    0x0800020e   0x0800020e   0x00000000   Code   RO         2552    .ARM.Collect$$libinit$$0000001B  c_w.l(libinit2.o)
    0x0800020e   0x0800020e   0x00000000   Code   RO         2554    .ARM.Collect$$libinit$$0000001D  c_w.l(libinit2.o)
    0x0800020e   0x0800020e   0x00000000   Code   RO         2556    .ARM.Collect$$libinit$$0000001F  c_w.l(libinit2.o)
    0x0800020e   0x0800020e   0x00000000   Code   RO         2558    .ARM.Collect$$libinit$$00000021  c_w.l(libinit2.o)
    0x0800020e   0x0800020e   0x00000000   Code   RO         2560    .ARM.Collect$$libinit$$00000023  c_w.l(libinit2.o)
    0x0800020e   0x0800020e   0x00000000   Code   RO         2562    .ARM.Collect$$libinit$$00000025  c_w.l(libinit2.o)
    0x0800020e   0x0800020e   0x00000000   Code   RO         2566    .ARM.Collect$$libinit$$0000002C  c_w.l(libinit2.o)
    0x0800020e   0x0800020e   0x00000000   Code   RO         2568    .ARM.Collect$$libinit$$0000002E  c_w.l(libinit2.o)
    0x0800020e   0x0800020e   0x00000000   Code   RO         2570    .ARM.Collect$$libinit$$00000030  c_w.l(libinit2.o)
    0x0800020e   0x0800020e   0x00000000   Code   RO         2572    .ARM.Collect$$libinit$$00000032  c_w.l(libinit2.o)
    0x0800020e   0x0800020e   0x00000002   Code   RO         2573    .ARM.Collect$$libinit$$00000033  c_w.l(libinit2.o)
    0x08000210   0x08000210   0x00000002   Code   RO         2591    .ARM.Collect$$libshutdown$$00000000  c_w.l(libshutdown.o)
    0x08000212   0x08000212   0x00000000   Code   RO         2601    .ARM.Collect$$libshutdown$$00000002  c_w.l(libshutdown2.o)
    0x08000212   0x08000212   0x00000000   Code   RO         2603    .ARM.Collect$$libshutdown$$00000004  c_w.l(libshutdown2.o)
    0x08000212   0x08000212   0x00000000   Code   RO         2606    .ARM.Collect$$libshutdown$$00000007  c_w.l(libshutdown2.o)
    0x08000212   0x08000212   0x00000000   Code   RO         2609    .ARM.Collect$$libshutdown$$0000000A  c_w.l(libshutdown2.o)
    0x08000212   0x08000212   0x00000000   Code   RO         2611    .ARM.Collect$$libshutdown$$0000000C  c_w.l(libshutdown2.o)
    0x08000212   0x08000212   0x00000000   Code   RO         2614    .ARM.Collect$$libshutdown$$0000000F  c_w.l(libshutdown2.o)
    0x08000212   0x08000212   0x00000002   Code   RO         2615    .ARM.Collect$$libshutdown$$00000010  c_w.l(libshutdown2.o)
    0x08000214   0x08000214   0x00000000   Code   RO         2354    .ARM.Collect$$rtentry$$00000000  c_w.l(__rtentry.o)
    0x08000214   0x08000214   0x00000000   Code   RO         2432    .ARM.Collect$$rtentry$$00000002  c_w.l(__rtentry2.o)
    0x08000214   0x08000214   0x00000006   Code   RO         2444    .ARM.Collect$$rtentry$$00000004  c_w.l(__rtentry4.o)
    0x0800021a   0x0800021a   0x00000000   Code   RO         2434    .ARM.Collect$$rtentry$$00000009  c_w.l(__rtentry2.o)
    0x0800021a   0x0800021a   0x00000004   Code   RO         2435    .ARM.Collect$$rtentry$$0000000A  c_w.l(__rtentry2.o)
    0x0800021e   0x0800021e   0x00000000   Code   RO         2437    .ARM.Collect$$rtentry$$0000000C  c_w.l(__rtentry2.o)
    0x0800021e   0x0800021e   0x00000008   Code   RO         2438    .ARM.Collect$$rtentry$$0000000D  c_w.l(__rtentry2.o)
    0x08000226   0x08000226   0x00000002   Code   RO         2524    .ARM.Collect$$rtexit$$00000000  c_w.l(rtexit.o)
    0x08000228   0x08000228   0x00000000   Code   RO         2575    .ARM.Collect$$rtexit$$00000002  c_w.l(rtexit2.o)
    0x08000228   0x08000228   0x00000004   Code   RO         2576    .ARM.Collect$$rtexit$$00000003  c_w.l(rtexit2.o)
    0x0800022c   0x0800022c   0x00000006   Code   RO         2577    .ARM.Collect$$rtexit$$00000004  c_w.l(rtexit2.o)
    0x08000232   0x08000232   0x00000002   PAD
    0x08000234   0x08000234   0x00000040   Code   RO         2252    .text               startup_stm32f10x_md.o
    0x08000274   0x08000274   0x00000002   Code   RO         2304    .text               c_w.l(use_no_semi_2.o)
    0x08000276   0x08000276   0x00000002   PAD
    0x08000278   0x08000278   0x00000018   Code   RO         2306    .text               c_w.l(printf.o)
    0x08000290   0x08000290   0x00000018   Code   RO         2308    .text               c_w.l(__2printf.o)
    0x080002a8   0x080002a8   0x00000078   Code   RO         2314    .text               c_w.l(_printf_dec.o)
    0x08000320   0x08000320   0x00000188   Code   RO         2333    .text               c_w.l(__printf_flags_ss_wp.o)
    0x080004a8   0x080004a8   0x00000024   Code   RO         2338    .text               c_w.l(strstr.o)
    0x080004cc   0x080004cc   0x00000048   Code   RO         2340    .text               c_w.l(strcpy.o)
    0x08000514   0x08000514   0x0000003e   Code   RO         2342    .text               c_w.l(strlen.o)
    0x08000552   0x08000552   0x00000056   Code   RO         2344    .text               c_w.l(strncpy.o)
    0x080005a8   0x080005a8   0x00000080   Code   RO         2346    .text               c_w.l(strcmpv7m.o)
    0x08000628   0x08000628   0x00000006   Code   RO         2348    .text               c_w.l(heapauxi.o)
    0x0800062e   0x0800062e   0x00000002   Code   RO         2352    .text               c_w.l(use_no_semi.o)
    0x08000630   0x08000630   0x0000004e   Code   RO         2355    .text               c_w.l(_printf_pad.o)
    0x0800067e   0x0800067e   0x00000024   Code   RO         2357    .text               c_w.l(_printf_truncate.o)
    0x080006a2   0x080006a2   0x00000052   Code   RO         2359    .text               c_w.l(_printf_str.o)
    0x080006f4   0x080006f4   0x000000b2   Code   RO         2361    .text               c_w.l(_printf_intcommon.o)
    0x080007a6   0x080007a6   0x00000028   Code   RO         2363    .text               c_w.l(_printf_charcount.o)
    0x080007ce   0x080007ce   0x00000002   PAD
    0x080007d0   0x080007d0   0x00000024   Code   RO         2365    .text               c_w.l(_printf_char_file.o)
    0x080007f4   0x080007f4   0x000000bc   Code   RO         2367    .text               c_w.l(_printf_wctomb.o)
    0x080008b0   0x080008b0   0x0000007c   Code   RO         2370    .text               c_w.l(_printf_longlong_dec.o)
    0x0800092c   0x0800092c   0x00000070   Code   RO         2376    .text               c_w.l(_printf_oct_int_ll.o)
    0x0800099c   0x0800099c   0x00000094   Code   RO         2396    .text               c_w.l(_printf_hex_int_ll_ptr.o)
    0x08000a30   0x08000a30   0x00000044   Code   RO         2421    .text               c_w.l(rt_memclr.o)
    0x08000a74   0x08000a74   0x0000008a   Code   RO         2446    .text               c_w.l(lludiv10.o)
    0x08000afe   0x08000afe   0x0000041e   Code   RO         2448    .text               c_w.l(_printf_fp_dec.o)
    0x08000f1c   0x08000f1c   0x000002fc   Code   RO         2450    .text               c_w.l(_printf_fp_hex.o)
    0x08001218   0x08001218   0x00000030   Code   RO         2453    .text               c_w.l(_printf_char_common.o)
    0x08001248   0x08001248   0x0000002c   Code   RO         2455    .text               c_w.l(_printf_char.o)
    0x08001274   0x08001274   0x0000002c   Code   RO         2457    .text               c_w.l(_printf_wchar.o)
    0x080012a0   0x080012a0   0x00000008   Code   RO         2459    .text               c_w.l(ferror.o)
    0x080012a8   0x080012a8   0x00000040   Code   RO         2463    .text               c_w.l(_wcrtomb.o)
    0x080012e8   0x080012e8   0x0000004e   Code   RO         2465    .text               c_w.l(rt_memclr_w.o)
    0x08001336   0x08001336   0x0000004a   Code   RO         2467    .text               c_w.l(sys_stackheap_outer.o)
    0x08001380   0x08001380   0x00000010   Code   RO         2469    .text               c_w.l(rt_ctype_table.o)
    0x08001390   0x08001390   0x00000008   Code   RO         2474    .text               c_w.l(rt_locale_intlibspace.o)
    0x08001398   0x08001398   0x00000080   Code   RO         2476    .text               c_w.l(_printf_fp_infnan.o)
    0x08001418   0x08001418   0x000000e4   Code   RO         2480    .text               c_w.l(bigflt0.o)
    0x080014fc   0x080014fc   0x00000012   Code   RO         2508    .text               c_w.l(exit.o)
    0x0800150e   0x0800150e   0x00000002   PAD
    0x08001510   0x08001510   0x00000008   Code   RO         2521    .text               c_w.l(libspace.o)
    0x08001518   0x08001518   0x0000003e   Code   RO         2483    CL$$btod_d2e        c_w.l(btod.o)
    0x08001556   0x08001556   0x00000046   Code   RO         2485    CL$$btod_d2e_denorm_low  c_w.l(btod.o)
    0x0800159c   0x0800159c   0x00000060   Code   RO         2484    CL$$btod_d2e_norm_op1  c_w.l(btod.o)
    0x080015fc   0x080015fc   0x00000338   Code   RO         2493    CL$$btod_div_common  c_w.l(btod.o)
    0x08001934   0x08001934   0x000000dc   Code   RO         2490    CL$$btod_e2e        c_w.l(btod.o)
    0x08001a10   0x08001a10   0x0000002a   Code   RO         2487    CL$$btod_ediv       c_w.l(btod.o)
    0x08001a3a   0x08001a3a   0x0000002a   Code   RO         2486    CL$$btod_emul       c_w.l(btod.o)
    0x08001a64   0x08001a64   0x00000244   Code   RO         2492    CL$$btod_mult_common  c_w.l(btod.o)
    0x08001ca8   0x08001ca8   0x00000004   Code   RO          237    i.BusFault_Handler  stm32f10x_it.o
    0x08001cac   0x08001cac   0x00000012   Code   RO          406    i.ClearRAM          bsp.o
    0x08001cbe   0x08001cbe   0x00000002   Code   RO         2066    i.DMA1_Channel1_Event  dma_stm32f10x.o
    0x08001cc0   0x08001cc0   0x0000001c   Code   RO         2067    i.DMA1_Channel1_IRQHandler  dma_stm32f10x.o
    0x08001cdc   0x08001cdc   0x00000002   Code   RO         2068    i.DMA1_Channel2_Event  dma_stm32f10x.o
    0x08001cde   0x08001cde   0x00000002   PAD
    0x08001ce0   0x08001ce0   0x0000001c   Code   RO         2069    i.DMA1_Channel2_IRQHandler  dma_stm32f10x.o
    0x08001cfc   0x08001cfc   0x00000002   Code   RO         2070    i.DMA1_Channel3_Event  dma_stm32f10x.o
    0x08001cfe   0x08001cfe   0x00000002   PAD
    0x08001d00   0x08001d00   0x0000001c   Code   RO         2071    i.DMA1_Channel3_IRQHandler  dma_stm32f10x.o
    0x08001d1c   0x08001d1c   0x00000002   Code   RO         2072    i.DMA1_Channel4_Event  dma_stm32f10x.o
    0x08001d1e   0x08001d1e   0x00000002   PAD
    0x08001d20   0x08001d20   0x0000001c   Code   RO         2073    i.DMA1_Channel4_IRQHandler  dma_stm32f10x.o
    0x08001d3c   0x08001d3c   0x00000002   Code   RO         2074    i.DMA1_Channel5_Event  dma_stm32f10x.o
    0x08001d3e   0x08001d3e   0x00000002   PAD
    0x08001d40   0x08001d40   0x0000001c   Code   RO         2075    i.DMA1_Channel5_IRQHandler  dma_stm32f10x.o
    0x08001d5c   0x08001d5c   0x00000002   Code   RO         2076    i.DMA1_Channel6_Event  dma_stm32f10x.o
    0x08001d5e   0x08001d5e   0x00000002   PAD
    0x08001d60   0x08001d60   0x0000001c   Code   RO         2077    i.DMA1_Channel6_IRQHandler  dma_stm32f10x.o
    0x08001d7c   0x08001d7c   0x00000002   Code   RO         2078    i.DMA1_Channel7_Event  dma_stm32f10x.o
    0x08001d7e   0x08001d7e   0x00000002   PAD
    0x08001d80   0x08001d80   0x0000001c   Code   RO         2079    i.DMA1_Channel7_IRQHandler  dma_stm32f10x.o
    0x08001d9c   0x08001d9c   0x00000002   Code   RO          238    i.DebugMon_Handler  stm32f10x_it.o
    0x08001d9e   0x08001d9e   0x00000002   PAD
    0x08001da0   0x08001da0   0x0000004c   Code   RO            5    i.GPIO_Configuration  main.o
    0x08001dec   0x08001dec   0x00000116   Code   RO          928    i.GPIO_Init         stm32f10x_gpio.o
    0x08001f02   0x08001f02   0x00000004   Code   RO          935    i.GPIO_ResetBits    stm32f10x_gpio.o
    0x08001f06   0x08001f06   0x00000004   Code   RO          936    i.GPIO_SetBits      stm32f10x_gpio.o
    0x08001f0a   0x08001f0a   0x00000004   Code   RO          239    i.HardFault_Handler  stm32f10x_it.o
    0x08001f0e   0x08001f0e   0x00000034   Code   RO            6    i.HexToChar         main.o
    0x08001f42   0x08001f42   0x00000002   PAD
    0x08001f44   0x08001f44   0x00000010   Code   RO         1048    i.IWDG_Enable       stm32f10x_iwdg.o
    0x08001f54   0x08001f54   0x00000010   Code   RO         1050    i.IWDG_ReloadCounter  stm32f10x_iwdg.o
    0x08001f64   0x08001f64   0x0000000c   Code   RO         1051    i.IWDG_SetPrescaler  stm32f10x_iwdg.o
    0x08001f70   0x08001f70   0x0000000c   Code   RO         1052    i.IWDG_SetReload    stm32f10x_iwdg.o
    0x08001f7c   0x08001f7c   0x0000000c   Code   RO         1053    i.IWDG_WriteAccessCmd  stm32f10x_iwdg.o
    0x08001f88   0x08001f88   0x0000055c   Code   RO          516    i.M35_HTTPConnect   m35.o
    0x080024e4   0x080024e4   0x00000004   Code   RO          240    i.MemManage_Handler  stm32f10x_it.o
    0x080024e8   0x080024e8   0x00000002   Code   RO          241    i.NMI_Handler       stm32f10x_it.o
    0x080024ea   0x080024ea   0x00000002   PAD
    0x080024ec   0x080024ec   0x00000070   Code   RO          556    i.NVIC_Init         misc.o
    0x0800255c   0x0800255c   0x00000002   Code   RO          242    i.PendSV_Handler    stm32f10x_it.o
    0x0800255e   0x0800255e   0x00000002   PAD
    0x08002560   0x08002560   0x00000018   Code   RO          412    i.PrintfClear       bsp.o
    0x08002578   0x08002578   0x00000020   Code   RO         1104    i.RCC_APB1PeriphClockCmd  stm32f10x_rcc.o
    0x08002598   0x08002598   0x00000020   Code   RO         1105    i.RCC_APB1PeriphResetCmd  stm32f10x_rcc.o
    0x080025b8   0x080025b8   0x00000020   Code   RO         1106    i.RCC_APB2PeriphClockCmd  stm32f10x_rcc.o
    0x080025d8   0x080025d8   0x00000020   Code   RO         1107    i.RCC_APB2PeriphResetCmd  stm32f10x_rcc.o
    0x080025f8   0x080025f8   0x000000d4   Code   RO         1114    i.RCC_GetClocksFreq  stm32f10x_rcc.o
    0x080026cc   0x080026cc   0x000000a0   Code   RO          518    i.SIM_SendCmd       m35.o
    0x0800276c   0x0800276c   0x00000002   Code   RO          243    i.SVC_Handler       stm32f10x_it.o
    0x0800276e   0x0800276e   0x00000008   Code   RO         2259    i.SetSysClock       system_stm32f10x.o
    0x08002776   0x08002776   0x00000002   PAD
    0x08002778   0x08002778   0x000000e0   Code   RO         2260    i.SetSysClockTo72   system_stm32f10x.o
    0x08002858   0x08002858   0x0000004c   Code   RO            7    i.SoftReset         main.o
    0x080028a4   0x080028a4   0x00000002   Code   RO          244    i.SysTick_Handler   stm32f10x_it.o
    0x080028a6   0x080028a6   0x00000002   PAD
    0x080028a8   0x080028a8   0x00000060   Code   RO         2262    i.SystemInit        system_stm32f10x.o
    0x08002908   0x08002908   0x00000024   Code   RO          245    i.TIM2_IRQHandler   stm32f10x_it.o
    0x0800292c   0x0800292c   0x0000006e   Code   RO          413    i.TIM2_init         bsp.o
    0x0800299a   0x0800299a   0x00000018   Code   RO         1318    i.TIM_ARRPreloadConfig  stm32f10x_tim.o
    0x080029b2   0x080029b2   0x00000006   Code   RO         1324    i.TIM_ClearFlag     stm32f10x_tim.o
    0x080029b8   0x080029b8   0x00000006   Code   RO         1325    i.TIM_ClearITPendingBit  stm32f10x_tim.o
    0x080029be   0x080029be   0x00000018   Code   RO         1330    i.TIM_Cmd           stm32f10x_tim.o
    0x080029d6   0x080029d6   0x00000022   Code   RO         1351    i.TIM_GetITStatus   stm32f10x_tim.o
    0x080029f8   0x080029f8   0x00000012   Code   RO         1355    i.TIM_ITConfig      stm32f10x_tim.o
    0x08002a0a   0x08002a0a   0x00000002   PAD
    0x08002a0c   0x08002a0c   0x000000a4   Code   RO         1401    i.TIM_TimeBaseInit  stm32f10x_tim.o
    0x08002ab0   0x08002ab0   0x00000002   Code   RO          246    i.USART1_IRQHandler  stm32f10x_it.o
    0x08002ab2   0x08002ab2   0x00000002   PAD
    0x08002ab4   0x08002ab4   0x000000a0   Code   RO            8    i.USART1_Initialise  main.o
    0x08002b54   0x08002b54   0x0000006c   Code   RO          247    i.USART2_IRQHandler  stm32f10x_it.o
    0x08002bc0   0x08002bc0   0x000000a4   Code   RO            9    i.USART2_Initialise  main.o
    0x08002c64   0x08002c64   0x00000064   Code   RO          248    i.USART3_IRQHandler  stm32f10x_it.o
    0x08002cc8   0x08002cc8   0x000000b4   Code   RO           10    i.USART3_Initialise  main.o
    0x08002d7c   0x08002d7c   0x00000018   Code   RO         1878    i.USART_Cmd         stm32f10x_usart.o
    0x08002d94   0x08002d94   0x0000009c   Code   RO         1880    i.USART_DeInit      stm32f10x_usart.o
    0x08002e30   0x08002e30   0x0000001a   Code   RO         1881    i.USART_GetFlagStatus  stm32f10x_usart.o
    0x08002e4a   0x08002e4a   0x0000004a   Code   RO         1884    i.USART_ITConfig    stm32f10x_usart.o
    0x08002e94   0x08002e94   0x000000d8   Code   RO         1885    i.USART_Init        stm32f10x_usart.o
    0x08002f6c   0x08002f6c   0x0000000a   Code   RO         1892    i.USART_ReceiveData  stm32f10x_usart.o
    0x08002f76   0x08002f76   0x00000008   Code   RO         1895    i.USART_SendData    stm32f10x_usart.o
    0x08002f7e   0x08002f7e   0x00000002   PAD
    0x08002f80   0x08002f80   0x00000038   Code   RO           12    i.UartRead          main.o
    0x08002fb8   0x08002fb8   0x0000004c   Code   RO           13    i.UartWrite         main.o
    0x08003004   0x08003004   0x00000004   Code   RO          249    i.UsageFault_Handler  stm32f10x_it.o
    0x08003008   0x08003008   0x0000001e   Code   RO           14    i.Usart_SendByte    main.o
    0x08003026   0x08003026   0x0000001c   Code   RO           16    i.Usart_SendString  main.o
    0x08003042   0x08003042   0x00000028   Code   RO         2519    i.__ARM_fpclassify  m_ws.l(fpclassify.o)
    0x0800306a   0x0800306a   0x0000000e   Code   RO         2326    i._is_digit         c_w.l(__printf_wp.o)
    0x08003078   0x08003078   0x00000006   Code   RO          416    i._sys_exit         bsp.o
    0x0800307e   0x0800307e   0x00000002   PAD
    0x08003080   0x08003080   0x0000008c   Code   RO           17    i.cabinet_to_buff   main.o
    0x0800310c   0x0800310c   0x00000050   Code   RO           18    i.crc16             main.o
    0x0800315c   0x0800315c   0x00000040   Code   RO          349    i.delay_init        delay.o
    0x0800319c   0x0800319c   0x0000003c   Code   RO          350    i.delay_ms          delay.o
    0x080031d8   0x080031d8   0x0000001c   Code   RO          417    i.fputc             bsp.o
    0x080031f4   0x080031f4   0x00000044   Code   RO           19    i.hex_to_char       main.o
    0x08003238   0x08003238   0x0000001e   Code   RO           20    i.iwdg_init         main.o
    0x08003256   0x08003256   0x00000002   PAD
    0x08003258   0x08003258   0x00000464   Code   RO           21    i.main              main.o
    0x080036bc   0x080036bc   0x0000019c   Code   RO           22    i.r_485             main.o
    0x08003858   0x08003858   0x00000050   Code   RO           23    i.t_485_03          main.o
    0x080038a8   0x080038a8   0x00000088   Code   RO           24    i.t_485_06          main.o
    0x08003930   0x08003930   0x0000002c   Code   RO         2506    locale$$code        c_w.l(lc_numeric_c.o)
    0x0800395c   0x0800395c   0x0000002c   Code   RO         2527    locale$$code        c_w.l(lc_ctype_c.o)
    0x08003988   0x08003988   0x00000004   Code   RO         2423    x$fpl$printf1       fz_ws.l(printf1.o)
    0x0800398c   0x0800398c   0x00000004   Code   RO         2425    x$fpl$printf2       fz_ws.l(printf2.o)
    0x08003990   0x08003990   0x00000000   Code   RO         2518    x$fpl$usenofp       fz_ws.l(usenofp.o)
    0x08003990   0x08003990   0x00000011   Data   RO         2334    .constdata          c_w.l(__printf_flags_ss_wp.o)
    0x080039a1   0x080039a1   0x00000003   PAD
    0x080039a4   0x080039a4   0x00000008   Data   RO         2368    .constdata          c_w.l(_printf_wctomb.o)
    0x080039ac   0x080039ac   0x00000028   Data   RO         2397    .constdata          c_w.l(_printf_hex_int_ll_ptr.o)
    0x080039d4   0x080039d4   0x00000026   Data   RO         2451    .constdata          c_w.l(_printf_fp_hex.o)
    0x080039fa   0x080039fa   0x00000002   PAD
    0x080039fc   0x080039fc   0x00000094   Data   RO         2481    .constdata          c_w.l(bigflt0.o)
    0x08003a90   0x08003a90   0x00000020   Data   RO         2647    Region$$Table       anon$$obj.o
    0x08003ab0   0x08003ab0   0x0000001c   Data   RO         2505    locale$$data        c_w.l(lc_numeric_c.o)
    0x08003acc   0x08003acc   0x00000110   Data   RO         2526    locale$$data        c_w.l(lc_ctype_c.o)


    Execution Region RW_IRAM1 (Exec base: 0x20000000, Load base: 0x08003bdc, Size: 0x000008f8, Max: 0x00005000, ABSOLUTE)

    Exec Addr    Load Addr    Size         Type   Attr      Idx    E Section Name        Object

    0x20000000   0x08003bdc   0x00000024   Data   RW           27    .data               main.o
    0x20000024   0x08003c00   0x00000004   Data   RW          353    .data               delay.o
    0x20000028   0x08003c04   0x00000008   Data   RW          418    .data               bsp.o
    0x20000030   0x08003c0c   0x00000014   Data   RW         1134    .data               stm32f10x_rcc.o
    0x20000044        -       0x00000253   Zero   RW           26    .bss                main.o
    0x20000297   0x08003c20   0x00000001   PAD
    0x20000298        -       0x00000060   Zero   RW         2522    .bss                c_w.l(libspace.o)
    0x200002f8        -       0x00000200   Zero   RW         2250    HEAP                startup_stm32f10x_md.o
    0x200004f8        -       0x00000400   Zero   RW         2249    STACK               startup_stm32f10x_md.o


==============================================================================

Image component sizes


      Code (inc. data)   RO Data    RW Data    ZI Data      Debug   Object Name

       186         10          0          8          0       4265   bsp.o
       124         12          0          4          0       1136   delay.o
       210         30          0          0          0       7259   dma_stm32f10x.o
      1532        586          0          0          0       1852   m35.o
      2968        454          0         36        595     293956   main.o
       112         12          0          0          0       1260   misc.o
        64         26        236          0       1536        828   startup_stm32f10x_md.o
       286          0          0          0          0       3336   stm32f10x_gpio.o
       272         28          0          0          0       5688   stm32f10x_it.o
        68         30          0          0          0       2642   stm32f10x_iwdg.o
       340         44          0         20          0       5940   stm32f10x_rcc.o
       276         42          0          0          0       5097   stm32f10x_tim.o
       514         28          0          0          0       6464   stm32f10x_usart.o
       328         28          0          0          0       2161   system_stm32f10x.o

    ----------------------------------------------------------------------
      7314       1330        268         68       2132     341884   Object Totals
         0          0         32          0          0          0   (incl. Generated)
        34          0          0          0          1          0   (incl. Padding)

    ----------------------------------------------------------------------

      Code (inc. data)   RO Data    RW Data    ZI Data      Debug   Library Member Name

        24          4          0          0          0         84   __2printf.o
         8          0          0          0          0         68   __main.o
       392          4         17          0          0         92   __printf_flags_ss_wp.o
        14          0          0          0          0         68   __printf_wp.o
         0          0          0          0          0          0   __rtentry.o
        12          0          0          0          0          0   __rtentry2.o
         6          0          0          0          0          0   __rtentry4.o
        52          8          0          0          0          0   __scatter.o
        26          0          0          0          0          0   __scatter_copy.o
        28          0          0          0          0          0   __scatter_zi.o
         6          0          0          0          0          0   _printf_a.o
         6          0          0          0          0          0   _printf_c.o
        44          0          0          0          0        108   _printf_char.o
        48          6          0          0          0         96   _printf_char_common.o
        36          4          0          0          0         80   _printf_char_file.o
        40          0          0          0          0         68   _printf_charcount.o
         6          0          0          0          0          0   _printf_d.o
       120         16          0          0          0         92   _printf_dec.o
         6          0          0          0          0          0   _printf_e.o
         6          0          0          0          0          0   _printf_f.o
      1054          0          0          0          0        216   _printf_fp_dec.o
       764          8         38          0          0        100   _printf_fp_hex.o
       128         16          0          0          0         84   _printf_fp_infnan.o
         6          0          0          0          0          0   _printf_g.o
       148          4         40          0          0        160   _printf_hex_int_ll_ptr.o
         6          0          0          0          0          0   _printf_i.o
       178          0          0          0          0         88   _printf_intcommon.o
        10          0          0          0          0          0   _printf_l.o
         6          0          0          0          0          0   _printf_lc.o
        10          0          0          0          0          0   _printf_ll.o
         6          0          0          0          0          0   _printf_lld.o
         6          0          0          0          0          0   _printf_lli.o
         6          0          0          0          0          0   _printf_llo.o
         6          0          0          0          0          0   _printf_llu.o
         6          0          0          0          0          0   _printf_llx.o
       124         16          0          0          0         92   _printf_longlong_dec.o
         6          0          0          0          0          0   _printf_ls.o
         6          0          0          0          0          0   _printf_n.o
         6          0          0          0          0          0   _printf_o.o
       112         10          0          0          0        124   _printf_oct_int_ll.o
         6          0          0          0          0          0   _printf_p.o
        78          0          0          0          0        108   _printf_pad.o
         0          0          0          0          0          0   _printf_percent.o
         4          0          0          0          0          0   _printf_percent_end.o
         6          0          0          0          0          0   _printf_s.o
        82          0          0          0          0         80   _printf_str.o
        36          0          0          0          0         84   _printf_truncate.o
         6          0          0          0          0          0   _printf_u.o
        44          0          0          0          0        108   _printf_wchar.o
       188          6          8          0          0         92   _printf_wctomb.o
         6          0          0          0          0          0   _printf_x.o
        64          0          0          0          0         92   _wcrtomb.o
       228          4        148          0          0         96   bigflt0.o
      1936        128          0          0          0        672   btod.o
        18          0          0          0          0         80   exit.o
         8          0          0          0          0         68   ferror.o
         6          0          0          0          0        152   heapauxi.o
        44         10        272          0          0         76   lc_ctype_c.o
        44         10         28          0          0         76   lc_numeric_c.o
         2          0          0          0          0          0   libinit.o
        30          0          0          0          0          0   libinit2.o
         2          0          0          0          0          0   libshutdown.o
         2          0          0          0          0          0   libshutdown2.o
         8          4          0          0         96         68   libspace.o
       138          0          0          0          0         80   lludiv10.o
        24          4          0          0          0         84   printf.o
        16          4          0          0          0         76   rt_ctype_table.o
         8          4          0          0          0         68   rt_locale_intlibspace.o
        68          0          0          0          0         68   rt_memclr.o
        78          0          0          0          0         80   rt_memclr_w.o
         2          0          0          0          0          0   rtexit.o
        10          0          0          0          0          0   rtexit2.o
       128          0          0          0          0         68   strcmpv7m.o
        72          0          0          0          0         80   strcpy.o
        62          0          0          0          0         76   strlen.o
        86          0          0          0          0         76   strncpy.o
        36          0          0          0          0         80   strstr.o
        74          0          0          0          0         80   sys_stackheap_outer.o
         2          0          0          0          0         68   use_no_semi.o
         2          0          0          0          0         68   use_no_semi_2.o
         4          0          0          0          0         68   printf1.o
         4          0          0          0          0         68   printf2.o
         0          0          0          0          0          0   usenofp.o
        40          0          0          0          0         68   fpclassify.o

    ----------------------------------------------------------------------
      7186        270        556          0         96       4728   Library Totals
        10          0          5          0          0          0   (incl. Padding)

    ----------------------------------------------------------------------

      Code (inc. data)   RO Data    RW Data    ZI Data      Debug   Library Name

      7128        270        551          0         96       4524   c_w.l
         8          0          0          0          0        136   fz_ws.l
        40          0          0          0          0         68   m_ws.l

    ----------------------------------------------------------------------
      7186        270        556          0         96       4728   Library Totals

    ----------------------------------------------------------------------

==============================================================================


      Code (inc. data)   RO Data    RW Data    ZI Data      Debug   

     14500       1600        824         68       2228     339744   Grand Totals
     14500       1600        824         68       2228     339744   ELF Image Totals
     14500       1600        824         68          0          0   ROM Totals

==============================================================================

    Total RO  Size (Code + RO Data)                15324 (  14.96kB)
    Total RW  Size (RW Data + ZI Data)              2296 (   2.24kB)
    Total ROM Size (Code + RO Data + RW Data)      15392 (  15.03kB)

==============================================================================

